Archive member included because of file (symbol)

c:/program files/eclipse/avr_toolchain/bin/../lib/gcc/avr/4.7.2/avr4\libgcc.a(_udivmodsi4.o)
                              ./main.o (__udivmodsi4)
c:/program files/eclipse/avr_toolchain/bin/../lib/gcc/avr/4.7.2/avr4\libgcc.a(_exit.o)
                              c:/program files/eclipse/avr_toolchain/bin/../lib/gcc/avr/4.7.2/../../../../avr/lib/avr4/crtm88p.o (exit)
c:/program files/eclipse/avr_toolchain/bin/../lib/gcc/avr/4.7.2/avr4\libgcc.a(_copy_data.o)
                              ./mb.o (__do_copy_data)
c:/program files/eclipse/avr_toolchain/bin/../lib/gcc/avr/4.7.2/avr4\libgcc.a(_clear_bss.o)
                              ./US-015/ultrasonic.o (__do_clear_bss)
c:/program files/eclipse/avr_toolchain/bin/../lib/gcc/avr/4.7.2/avr4\libgcc.a(_umulhisi3.o)
                              ./porttimer.o (__umulhisi3)
c:/program files/eclipse/avr_toolchain/bin/../lib/gcc/avr/4.7.2/avr4\libgcc.a(_muluhisi3.o)
                              ./main.o (__muluhisi3)
c:/program files/eclipse/avr_toolchain/bin/../lib/gcc/avr/4.7.2/../../../../avr/lib/avr4\libc.a(memcpy.o)
                              ./mbfuncother.o (memcpy)

Allocating common symbols
Common symbol       size              file

pxMBFrameCBTransmitterEmpty
                    0x2               ./mb.o
pressx1000          0x2               ./main.o
pxMBPortCBTimerExpired
                    0x2               ./mb.o
running             0x1               ./US-015/ultrasonic.o
up                  0x1               ./US-015/ultrasonic.o
ucRTUBuf            0x100             ./mbrtu.o
press_bmp           0x4               ./main.o
pressx1             0x2               ./main.o
pxMBFrameCBByteReceived
                    0x2               ./mb.o
timerCounter        0x2               ./US-015/ultrasonic.o
tx1                 0x2               ./main.o
pxMBFrameCBTransmitFSMCur
                    0x2               ./mb.o
count               0x1               ./porttimer.o
pxMBFrameCBReceiveFSMCur
                    0x2               ./mb.o
result              0x2               ./US-015/ultrasonic.o
temp_bmp            0x4               ./main.o
Timer1              0x1               ./main.o
tx10                0x2               ./main.o
PulseWidth          0x4               ./US-015/ultrasonic.o

Memory Configuration

Name             Origin             Length             Attributes
text             0x00000000         0x00002000         xr
data             0x00800060         0x0000ffa0         rw !x
eeprom           0x00810000         0x00010000         rw !x
fuse             0x00820000         0x00000400         rw !x
lock             0x00830000         0x00000400         rw !x
signature        0x00840000         0x00000400         rw !x
user_signatures  0x00850000         0x00000400         rw !x
*default*        0x00000000         0xffffffff

Linker script and memory map

Address of section .data set to 0x800100
LOAD c:/program files/eclipse/avr_toolchain/bin/../lib/gcc/avr/4.7.2/../../../../avr/lib/avr4/crtm88p.o
LOAD ./US-015/ultrasonic.o
LOAD ./main.o
LOAD ./mb.o
LOAD ./mbcrc.o
LOAD ./mbfunccoils.o
LOAD ./mbfuncdiag.o
LOAD ./mbfuncdisc.o
LOAD ./mbfuncholding.o
LOAD ./mbfuncinput.o
LOAD ./mbfuncother.o
LOAD ./mbrtu.o
LOAD ./mbutils.o
LOAD ./portevent.o
LOAD ./portserial.o
LOAD ./porttimer.o
LOAD c:/program files/eclipse/avr_toolchain/bin/../lib/gcc/avr/4.7.2/avr4\libgcc.a
LOAD c:/program files/eclipse/avr_toolchain/bin/../lib/gcc/avr/4.7.2/../../../../avr/lib/avr4\libc.a
LOAD c:/program files/eclipse/avr_toolchain/bin/../lib/gcc/avr/4.7.2/avr4\libgcc.a

.hash
 *(.hash)

.dynsym
 *(.dynsym)

.dynstr
 *(.dynstr)

.gnu.version
 *(.gnu.version)

.gnu.version_d
 *(.gnu.version_d)

.gnu.version_r
 *(.gnu.version_r)

.rel.init
 *(.rel.init)

.rela.init
 *(.rela.init)

.rel.text
 *(.rel.text)
 *(.rel.text.*)
 *(.rel.gnu.linkonce.t*)

.rela.text
 *(.rela.text)
 *(.rela.text.*)
 *(.rela.gnu.linkonce.t*)

.rel.fini
 *(.rel.fini)

.rela.fini
 *(.rela.fini)

.rel.rodata
 *(.rel.rodata)
 *(.rel.rodata.*)
 *(.rel.gnu.linkonce.r*)

.rela.rodata
 *(.rela.rodata)
 *(.rela.rodata.*)
 *(.rela.gnu.linkonce.r*)

.rel.data
 *(.rel.data)
 *(.rel.data.*)
 *(.rel.gnu.linkonce.d*)

.rela.data
 *(.rela.data)
 *(.rela.data.*)
 *(.rela.gnu.linkonce.d*)

.rel.ctors
 *(.rel.ctors)

.rela.ctors
 *(.rela.ctors)

.rel.dtors
 *(.rel.dtors)

.rela.dtors
 *(.rela.dtors)

.rel.got
 *(.rel.got)

.rela.got
 *(.rela.got)

.rel.bss
 *(.rel.bss)

.rela.bss
 *(.rela.bss)

.rel.plt
 *(.rel.plt)

.rela.plt
 *(.rela.plt)

.text           0x00000000     0x1246
 *(.vectors)
 .vectors       0x00000000       0x34 c:/program files/eclipse/avr_toolchain/bin/../lib/gcc/avr/4.7.2/../../../../avr/lib/avr4/crtm88p.o
                0x00000000                __vector_default
                0x00000000                __vectors
 *(.vectors)
 *(.progmem.gcc*)
 *(.progmem*)
 .progmem.data.aucCRCHi
                0x00000034      0x100 ./mbcrc.o
 .progmem.data.aucCRCLo
                0x00000134      0x100 ./mbcrc.o
                0x00000234                . = ALIGN (0x2)
                0x00000234                __trampolines_start = .
 *(.trampolines)
 .trampolines   0x00000234        0x0 linker stubs
 *(.trampolines*)
                0x00000234                __trampolines_end = .
 *(.jumptables)
 *(.jumptables*)
 *(.lowtext)
 *(.lowtext*)
                0x00000234                __ctors_start = .
 *(.ctors)
                0x00000234                __ctors_end = .
                0x00000234                __dtors_start = .
 *(.dtors)
                0x00000234                __dtors_end = .
 SORT(*)(.ctors)
 SORT(*)(.dtors)
 *(.init0)
 .init0         0x00000234        0x0 c:/program files/eclipse/avr_toolchain/bin/../lib/gcc/avr/4.7.2/../../../../avr/lib/avr4/crtm88p.o
                0x00000234                __init
 *(.init0)
 *(.init1)
 *(.init1)
 *(.init2)
 .init2         0x00000234        0xc c:/program files/eclipse/avr_toolchain/bin/../lib/gcc/avr/4.7.2/../../../../avr/lib/avr4/crtm88p.o
 *(.init2)
 *(.init3)
 *(.init3)
 *(.init4)
 .init4         0x00000240       0x16 c:/program files/eclipse/avr_toolchain/bin/../lib/gcc/avr/4.7.2/avr4\libgcc.a(_copy_data.o)
                0x00000240                __do_copy_data
 .init4         0x00000256       0x10 c:/program files/eclipse/avr_toolchain/bin/../lib/gcc/avr/4.7.2/avr4\libgcc.a(_clear_bss.o)
                0x00000256                __do_clear_bss
 *(.init4)
 *(.init5)
 *(.init5)
 *(.init6)
 *(.init6)
 *(.init7)
 *(.init7)
 *(.init8)
 *(.init8)
 *(.init9)
 .init9         0x00000266        0x4 c:/program files/eclipse/avr_toolchain/bin/../lib/gcc/avr/4.7.2/../../../../avr/lib/avr4/crtm88p.o
 *(.init9)
 *(.text)
 .text          0x0000026a        0x2 c:/program files/eclipse/avr_toolchain/bin/../lib/gcc/avr/4.7.2/../../../../avr/lib/avr4/crtm88p.o
                0x0000026a                __vector_22
                0x0000026a                __vector_1
                0x0000026a                __vector_24
                0x0000026a                __vector_12
                0x0000026a                __bad_interrupt
                0x0000026a                __vector_6
                0x0000026a                __vector_3
                0x0000026a                __vector_23
                0x0000026a                __vector_25
                0x0000026a                __vector_11
                0x0000026a                __vector_13
                0x0000026a                __vector_17
                0x0000026a                __vector_7
                0x0000026a                __vector_5
                0x0000026a                __vector_4
                0x0000026a                __vector_9
                0x0000026a                __vector_2
                0x0000026a                __vector_21
                0x0000026a                __vector_15
                0x0000026a                __vector_8
                0x0000026a                __vector_16
 .text          0x0000026c        0x0 ./US-015/ultrasonic.o
 .text          0x0000026c        0x0 ./main.o
 .text          0x0000026c        0x0 ./mb.o
 .text          0x0000026c        0x0 ./mbcrc.o
 .text          0x0000026c        0x0 ./mbfunccoils.o
 .text          0x0000026c        0x0 ./mbfuncdiag.o
 .text          0x0000026c        0x0 ./mbfuncdisc.o
 .text          0x0000026c        0x0 ./mbfuncholding.o
 .text          0x0000026c        0x0 ./mbfuncinput.o
 .text          0x0000026c        0x0 ./mbfuncother.o
 .text          0x0000026c        0x0 ./mbrtu.o
 .text          0x0000026c        0x0 ./mbutils.o
 .text          0x0000026c        0x0 ./portevent.o
 .text          0x0000026c        0x0 ./portserial.o
 .text          0x0000026c        0x0 ./porttimer.o
 .text          0x0000026c        0x0 c:/program files/eclipse/avr_toolchain/bin/../lib/gcc/avr/4.7.2/avr4\libgcc.a(_udivmodsi4.o)
 .text          0x0000026c        0x0 c:/program files/eclipse/avr_toolchain/bin/../lib/gcc/avr/4.7.2/avr4\libgcc.a(_exit.o)
 .text          0x0000026c        0x0 c:/program files/eclipse/avr_toolchain/bin/../lib/gcc/avr/4.7.2/avr4\libgcc.a(_copy_data.o)
 .text          0x0000026c        0x0 c:/program files/eclipse/avr_toolchain/bin/../lib/gcc/avr/4.7.2/avr4\libgcc.a(_clear_bss.o)
 .text          0x0000026c        0x0 c:/program files/eclipse/avr_toolchain/bin/../lib/gcc/avr/4.7.2/avr4\libgcc.a(_umulhisi3.o)
 .text          0x0000026c        0x0 c:/program files/eclipse/avr_toolchain/bin/../lib/gcc/avr/4.7.2/avr4\libgcc.a(_muluhisi3.o)
 .text          0x0000026c        0x0 c:/program files/eclipse/avr_toolchain/bin/../lib/gcc/avr/4.7.2/../../../../avr/lib/avr4\libc.a(memcpy.o)
                0x0000026c                . = ALIGN (0x2)
 *(.text.*)
 .text.US_config
                0x0000026c       0x16 ./US-015/ultrasonic.o
                0x0000026c                US_config
 .text.US_start
                0x00000282       0x1c ./US-015/ultrasonic.o
                0x00000282                US_start
 .text.__vector_10
                0x0000029e       0x78 ./US-015/ultrasonic.o
                0x0000029e                __vector_10
 .text.startup.main
                0x00000316       0x90 ./main.o
                0x00000316                main
 .text.eMBRegInputCB
                0x000003a6       0x56 ./main.o
                0x000003a6                eMBRegInputCB
 .text.eMBRegHoldingCB
                0x000003fc        0x4 ./main.o
                0x000003fc                eMBRegHoldingCB
 .text.eMBRegCoilsCB
                0x00000400        0x4 ./main.o
                0x00000400                eMBRegCoilsCB
 .text.eMBRegDiscreteCB
                0x00000404        0x4 ./main.o
                0x00000404                eMBRegDiscreteCB
 .text.eMBInit  0x00000408       0xae ./mb.o
                0x00000408                eMBInit
 .text.eMBRegisterCB
                0x000004b6       0x92 ./mb.o
                0x000004b6                eMBRegisterCB
 .text.eMBClose
                0x00000548       0x20 ./mb.o
                0x00000548                eMBClose
 .text.eMBEnable
                0x00000568       0x1e ./mb.o
                0x00000568                eMBEnable
 .text.eMBDisable
                0x00000586       0x26 ./mb.o
                0x00000586                eMBDisable
 .text.eMBPoll  0x000005ac      0x112 ./mb.o
                0x000005ac                eMBPoll
 .text.usMBCRC16
                0x000006be       0x38 ./mbcrc.o
                0x000006be                usMBCRC16
 .text.eMBFuncReadCoils
                0x000006f6       0x98 ./mbfunccoils.o
                0x000006f6                eMBFuncReadCoils
 .text.eMBFuncWriteCoil
                0x0000078e       0x66 ./mbfunccoils.o
                0x0000078e                eMBFuncWriteCoil
 .text.eMBFuncWriteMultipleCoils
                0x000007f4       0x7a ./mbfunccoils.o
                0x000007f4                eMBFuncWriteMultipleCoils
 .text.eMBFuncReadDiscreteInputs
                0x0000086e       0x96 ./mbfuncdisc.o
                0x0000086e                eMBFuncReadDiscreteInputs
 .text.eMBFuncWriteHoldingRegister
                0x00000904       0x32 ./mbfuncholding.o
                0x00000904                eMBFuncWriteHoldingRegister
 .text.eMBFuncWriteMultipleHoldingRegister
                0x00000936       0x62 ./mbfuncholding.o
                0x00000936                eMBFuncWriteMultipleHoldingRegister
 .text.eMBFuncReadHoldingRegister
                0x00000998       0x8a ./mbfuncholding.o
                0x00000998                eMBFuncReadHoldingRegister
 .text.eMBFuncReadWriteMultipleHoldingRegister
                0x00000a22       0xf4 ./mbfuncholding.o
                0x00000a22                eMBFuncReadWriteMultipleHoldingRegister
 .text.eMBFuncReadInputRegister
                0x00000b16       0x8c ./mbfuncinput.o
                0x00000b16                eMBFuncReadInputRegister
 .text.eMBSetSlaveID
                0x00000ba2       0x56 ./mbfuncother.o
                0x00000ba2                eMBSetSlaveID
 .text.eMBFuncReportSlaveID
                0x00000bf8       0x38 ./mbfuncother.o
                0x00000bf8                eMBFuncReportSlaveID
 .text.eMBRTUInit
                0x00000c30       0x68 ./mbrtu.o
                0x00000c30                eMBRTUInit
 .text.eMBRTUStart
                0x00000c98       0x12 ./mbrtu.o
                0x00000c98                eMBRTUStart
 .text.eMBRTUStop
                0x00000caa        0xe ./mbrtu.o
                0x00000caa                eMBRTUStop
 .text.eMBRTUReceive
                0x00000cb8       0x68 ./mbrtu.o
                0x00000cb8                eMBRTUReceive
 .text.eMBRTUSend
                0x00000d20       0x96 ./mbrtu.o
                0x00000d20                eMBRTUSend
 .text.xMBRTUReceiveFSM
                0x00000db6       0x8c ./mbrtu.o
                0x00000db6                xMBRTUReceiveFSM
 .text.xMBRTUTransmitFSM
                0x00000e42       0x70 ./mbrtu.o
                0x00000e42                xMBRTUTransmitFSM
 .text.xMBRTUTimerT35Expired
                0x00000eb2       0x38 ./mbrtu.o
                0x00000eb2                xMBRTUTimerT35Expired
 .text.xMBUtilSetBits
                0x00000eea       0x66 ./mbutils.o
                0x00000eea                xMBUtilSetBits
 .text.xMBUtilGetBits
                0x00000f50       0x48 ./mbutils.o
                0x00000f50                xMBUtilGetBits
 .text.prveMBError2Exception
                0x00000f98       0x14 ./mbutils.o
                0x00000f98                prveMBError2Exception
 .text.xMBPortEventInit
                0x00000fac        0x8 ./portevent.o
                0x00000fac                xMBPortEventInit
 .text.xMBPortEventPost
                0x00000fb4        0xe ./portevent.o
                0x00000fb4                xMBPortEventPost
 .text.xMBPortEventGet
                0x00000fc2       0x1c ./portevent.o
                0x00000fc2                xMBPortEventGet
 .text.vMBPortSerialEnable
                0x00000fde       0x3a ./portserial.o
                0x00000fde                vMBPortSerialEnable
 .text.xMBPortSerialInit
                0x00001018       0x36 ./portserial.o
                0x00001018                xMBPortSerialInit
 .text.xMBPortSerialPutByte
                0x0000104e        0x8 ./portserial.o
                0x0000104e                xMBPortSerialPutByte
 .text.xMBPortSerialGetByte
                0x00001056        0xc ./portserial.o
                0x00001056                xMBPortSerialGetByte
 .text.__vector_19
                0x00001062       0x4e ./portserial.o
                0x00001062                __vector_19
 .text.__vector_18
                0x000010b0       0x4e ./portserial.o
                0x000010b0                __vector_18
 .text.__vector_20
                0x000010fe       0x16 ./portserial.o
                0x000010fe                __vector_20
 .text.vMBPortTimersEnable
                0x00001114       0x26 ./porttimer.o
                0x00001114                vMBPortTimersEnable
 .text.vMBPortTimersDisable
                0x0000113a       0x14 ./porttimer.o
                0x0000113a                vMBPortTimersDisable
 .text.xMBPortTimersInit
                0x0000114e       0x24 ./porttimer.o
                0x0000114e                xMBPortTimersInit
 .text.__vector_14
                0x00001172       0x4e ./porttimer.o
                0x00001172                __vector_14
 .text.libgcc.mul
                0x000011c0        0x0 c:/program files/eclipse/avr_toolchain/bin/../lib/gcc/avr/4.7.2/avr4\libgcc.a(_udivmodsi4.o)
 .text.libgcc.div
                0x000011c0       0x44 c:/program files/eclipse/avr_toolchain/bin/../lib/gcc/avr/4.7.2/avr4\libgcc.a(_udivmodsi4.o)
                0x000011c0                __udivmodsi4
 .text.libgcc   0x00001204        0x0 c:/program files/eclipse/avr_toolchain/bin/../lib/gcc/avr/4.7.2/avr4\libgcc.a(_udivmodsi4.o)
 .text.libgcc.prologue
                0x00001204        0x0 c:/program files/eclipse/avr_toolchain/bin/../lib/gcc/avr/4.7.2/avr4\libgcc.a(_udivmodsi4.o)
 .text.libgcc.builtins
                0x00001204        0x0 c:/program files/eclipse/avr_toolchain/bin/../lib/gcc/avr/4.7.2/avr4\libgcc.a(_udivmodsi4.o)
 .text.libgcc.fmul
                0x00001204        0x0 c:/program files/eclipse/avr_toolchain/bin/../lib/gcc/avr/4.7.2/avr4\libgcc.a(_udivmodsi4.o)
 .text.libgcc.mul
                0x00001204        0x0 c:/program files/eclipse/avr_toolchain/bin/../lib/gcc/avr/4.7.2/avr4\libgcc.a(_exit.o)
 .text.libgcc.div
                0x00001204        0x0 c:/program files/eclipse/avr_toolchain/bin/../lib/gcc/avr/4.7.2/avr4\libgcc.a(_exit.o)
 .text.libgcc   0x00001204        0x0 c:/program files/eclipse/avr_toolchain/bin/../lib/gcc/avr/4.7.2/avr4\libgcc.a(_exit.o)
 .text.libgcc.prologue
                0x00001204        0x0 c:/program files/eclipse/avr_toolchain/bin/../lib/gcc/avr/4.7.2/avr4\libgcc.a(_exit.o)
 .text.libgcc.builtins
                0x00001204        0x0 c:/program files/eclipse/avr_toolchain/bin/../lib/gcc/avr/4.7.2/avr4\libgcc.a(_exit.o)
 .text.libgcc.fmul
                0x00001204        0x0 c:/program files/eclipse/avr_toolchain/bin/../lib/gcc/avr/4.7.2/avr4\libgcc.a(_exit.o)
 .text.libgcc.mul
                0x00001204        0x0 c:/program files/eclipse/avr_toolchain/bin/../lib/gcc/avr/4.7.2/avr4\libgcc.a(_copy_data.o)
 .text.libgcc.div
                0x00001204        0x0 c:/program files/eclipse/avr_toolchain/bin/../lib/gcc/avr/4.7.2/avr4\libgcc.a(_copy_data.o)
 .text.libgcc   0x00001204        0x0 c:/program files/eclipse/avr_toolchain/bin/../lib/gcc/avr/4.7.2/avr4\libgcc.a(_copy_data.o)
 .text.libgcc.prologue
                0x00001204        0x0 c:/program files/eclipse/avr_toolchain/bin/../lib/gcc/avr/4.7.2/avr4\libgcc.a(_copy_data.o)
 .text.libgcc.builtins
                0x00001204        0x0 c:/program files/eclipse/avr_toolchain/bin/../lib/gcc/avr/4.7.2/avr4\libgcc.a(_copy_data.o)
 .text.libgcc.fmul
                0x00001204        0x0 c:/program files/eclipse/avr_toolchain/bin/../lib/gcc/avr/4.7.2/avr4\libgcc.a(_copy_data.o)
 .text.libgcc.mul
                0x00001204        0x0 c:/program files/eclipse/avr_toolchain/bin/../lib/gcc/avr/4.7.2/avr4\libgcc.a(_clear_bss.o)
 .text.libgcc.div
                0x00001204        0x0 c:/program files/eclipse/avr_toolchain/bin/../lib/gcc/avr/4.7.2/avr4\libgcc.a(_clear_bss.o)
 .text.libgcc   0x00001204        0x0 c:/program files/eclipse/avr_toolchain/bin/../lib/gcc/avr/4.7.2/avr4\libgcc.a(_clear_bss.o)
 .text.libgcc.prologue
                0x00001204        0x0 c:/program files/eclipse/avr_toolchain/bin/../lib/gcc/avr/4.7.2/avr4\libgcc.a(_clear_bss.o)
 .text.libgcc.builtins
                0x00001204        0x0 c:/program files/eclipse/avr_toolchain/bin/../lib/gcc/avr/4.7.2/avr4\libgcc.a(_clear_bss.o)
 .text.libgcc.fmul
                0x00001204        0x0 c:/program files/eclipse/avr_toolchain/bin/../lib/gcc/avr/4.7.2/avr4\libgcc.a(_clear_bss.o)
 .text.libgcc.mul
                0x00001204       0x18 c:/program files/eclipse/avr_toolchain/bin/../lib/gcc/avr/4.7.2/avr4\libgcc.a(_umulhisi3.o)
                0x00001204                __umulhisi3
 .text.libgcc.div
                0x0000121c        0x0 c:/program files/eclipse/avr_toolchain/bin/../lib/gcc/avr/4.7.2/avr4\libgcc.a(_umulhisi3.o)
 .text.libgcc   0x0000121c        0x0 c:/program files/eclipse/avr_toolchain/bin/../lib/gcc/avr/4.7.2/avr4\libgcc.a(_umulhisi3.o)
 .text.libgcc.prologue
                0x0000121c        0x0 c:/program files/eclipse/avr_toolchain/bin/../lib/gcc/avr/4.7.2/avr4\libgcc.a(_umulhisi3.o)
 .text.libgcc.builtins
                0x0000121c        0x0 c:/program files/eclipse/avr_toolchain/bin/../lib/gcc/avr/4.7.2/avr4\libgcc.a(_umulhisi3.o)
 .text.libgcc.fmul
                0x0000121c        0x0 c:/program files/eclipse/avr_toolchain/bin/../lib/gcc/avr/4.7.2/avr4\libgcc.a(_umulhisi3.o)
 .text.libgcc.mul
                0x0000121c       0x14 c:/program files/eclipse/avr_toolchain/bin/../lib/gcc/avr/4.7.2/avr4\libgcc.a(_muluhisi3.o)
                0x0000121c                __muluhisi3
 .text.libgcc.div
                0x00001230        0x0 c:/program files/eclipse/avr_toolchain/bin/../lib/gcc/avr/4.7.2/avr4\libgcc.a(_muluhisi3.o)
 .text.libgcc   0x00001230        0x0 c:/program files/eclipse/avr_toolchain/bin/../lib/gcc/avr/4.7.2/avr4\libgcc.a(_muluhisi3.o)
 .text.libgcc.prologue
                0x00001230        0x0 c:/program files/eclipse/avr_toolchain/bin/../lib/gcc/avr/4.7.2/avr4\libgcc.a(_muluhisi3.o)
 .text.libgcc.builtins
                0x00001230        0x0 c:/program files/eclipse/avr_toolchain/bin/../lib/gcc/avr/4.7.2/avr4\libgcc.a(_muluhisi3.o)
 .text.libgcc.fmul
                0x00001230        0x0 c:/program files/eclipse/avr_toolchain/bin/../lib/gcc/avr/4.7.2/avr4\libgcc.a(_muluhisi3.o)
 .text.avr-libc
                0x00001230       0x12 c:/program files/eclipse/avr_toolchain/bin/../lib/gcc/avr/4.7.2/../../../../avr/lib/avr4\libc.a(memcpy.o)
                0x00001230                memcpy
                0x00001242                . = ALIGN (0x2)
 *(.fini9)
 .fini9         0x00001242        0x0 c:/program files/eclipse/avr_toolchain/bin/../lib/gcc/avr/4.7.2/avr4\libgcc.a(_exit.o)
                0x00001242                _exit
                0x00001242                exit
 *(.fini9)
 *(.fini8)
 *(.fini8)
 *(.fini7)
 *(.fini7)
 *(.fini6)
 *(.fini6)
 *(.fini5)
 *(.fini5)
 *(.fini4)
 *(.fini4)
 *(.fini3)
 *(.fini3)
 *(.fini2)
 *(.fini2)
 *(.fini1)
 *(.fini1)
 *(.fini0)
 .fini0         0x00001242        0x4 c:/program files/eclipse/avr_toolchain/bin/../lib/gcc/avr/4.7.2/avr4\libgcc.a(_exit.o)
 *(.fini0)
                0x00001246                _etext = .

.data           0x00800100       0x3a load address 0x00001246
                0x00800100                PROVIDE (__data_start, .)
 *(.data)
 .data          0x00800100        0x0 c:/program files/eclipse/avr_toolchain/bin/../lib/gcc/avr/4.7.2/../../../../avr/lib/avr4/crtm88p.o
 .data          0x00800100        0x0 ./US-015/ultrasonic.o
 .data          0x00800100        0x0 ./main.o
 .data          0x00800100        0x0 ./mb.o
 .data          0x00800100        0x0 ./mbcrc.o
 .data          0x00800100        0x0 ./mbfunccoils.o
 .data          0x00800100        0x0 ./mbfuncdiag.o
 .data          0x00800100        0x0 ./mbfuncdisc.o
 .data          0x00800100        0x0 ./mbfuncholding.o
 .data          0x00800100        0x0 ./mbfuncinput.o
 .data          0x00800100        0x0 ./mbfuncother.o
 .data          0x00800100        0x0 ./mbrtu.o
 .data          0x00800100        0x0 ./mbutils.o
 .data          0x00800100        0x0 ./portevent.o
 .data          0x00800100        0x0 ./portserial.o
 .data          0x00800100        0x0 ./porttimer.o
 .data          0x00800100        0x0 c:/program files/eclipse/avr_toolchain/bin/../lib/gcc/avr/4.7.2/avr4\libgcc.a(_udivmodsi4.o)
 .data          0x00800100        0x0 c:/program files/eclipse/avr_toolchain/bin/../lib/gcc/avr/4.7.2/avr4\libgcc.a(_exit.o)
 .data          0x00800100        0x0 c:/program files/eclipse/avr_toolchain/bin/../lib/gcc/avr/4.7.2/avr4\libgcc.a(_copy_data.o)
 .data          0x00800100        0x0 c:/program files/eclipse/avr_toolchain/bin/../lib/gcc/avr/4.7.2/avr4\libgcc.a(_clear_bss.o)
 .data          0x00800100        0x0 c:/program files/eclipse/avr_toolchain/bin/../lib/gcc/avr/4.7.2/avr4\libgcc.a(_umulhisi3.o)
 .data          0x00800100        0x0 c:/program files/eclipse/avr_toolchain/bin/../lib/gcc/avr/4.7.2/avr4\libgcc.a(_muluhisi3.o)
 .data          0x00800100        0x0 c:/program files/eclipse/avr_toolchain/bin/../lib/gcc/avr/4.7.2/../../../../avr/lib/avr4\libc.a(memcpy.o)
 *(.data*)
 .data.eMBState
                0x00800100        0x1 ./mb.o
 .data.xFuncHandlers
                0x00800101       0x30 ./mb.o
 *(.rodata)
 *(.rodata*)
 .rodata.CSWTCH.6
                0x00800131        0x8 ./mbutils.o
 *(.gnu.linkonce.d*)
                0x0080013a                . = ALIGN (0x2)
 *fill*         0x00800139        0x1 
                0x0080013a                _edata = .
                0x0080013a                PROVIDE (__data_end, .)

.bss            0x0080013a      0x173
                0x0080013a                PROVIDE (__bss_start, .)
 *(.bss)
 .bss           0x0080013a        0x0 c:/program files/eclipse/avr_toolchain/bin/../lib/gcc/avr/4.7.2/../../../../avr/lib/avr4/crtm88p.o
 .bss           0x0080013a        0x0 ./US-015/ultrasonic.o
 .bss           0x0080013a        0x0 ./main.o
 .bss           0x0080013a        0x0 ./mb.o
 .bss           0x0080013a        0x0 ./mbcrc.o
 .bss           0x0080013a        0x0 ./mbfunccoils.o
 .bss           0x0080013a        0x0 ./mbfuncdiag.o
 .bss           0x0080013a        0x0 ./mbfuncdisc.o
 .bss           0x0080013a        0x0 ./mbfuncholding.o
 .bss           0x0080013a        0x0 ./mbfuncinput.o
 .bss           0x0080013a        0x0 ./mbfuncother.o
 .bss           0x0080013a        0x0 ./mbrtu.o
 .bss           0x0080013a        0x0 ./mbutils.o
 .bss           0x0080013a        0x0 ./portevent.o
 .bss           0x0080013a        0x0 ./portserial.o
 .bss           0x0080013a        0x0 ./porttimer.o
 .bss           0x0080013a        0x0 c:/program files/eclipse/avr_toolchain/bin/../lib/gcc/avr/4.7.2/avr4\libgcc.a(_udivmodsi4.o)
 .bss           0x0080013a        0x0 c:/program files/eclipse/avr_toolchain/bin/../lib/gcc/avr/4.7.2/avr4\libgcc.a(_exit.o)
 .bss           0x0080013a        0x0 c:/program files/eclipse/avr_toolchain/bin/../lib/gcc/avr/4.7.2/avr4\libgcc.a(_copy_data.o)
 .bss           0x0080013a        0x0 c:/program files/eclipse/avr_toolchain/bin/../lib/gcc/avr/4.7.2/avr4\libgcc.a(_clear_bss.o)
 .bss           0x0080013a        0x0 c:/program files/eclipse/avr_toolchain/bin/../lib/gcc/avr/4.7.2/avr4\libgcc.a(_umulhisi3.o)
 .bss           0x0080013a        0x0 c:/program files/eclipse/avr_toolchain/bin/../lib/gcc/avr/4.7.2/avr4\libgcc.a(_muluhisi3.o)
 .bss           0x0080013a        0x0 c:/program files/eclipse/avr_toolchain/bin/../lib/gcc/avr/4.7.2/../../../../avr/lib/avr4\libc.a(memcpy.o)
 *(.bss*)
 .bss.LastCapture.1608
                0x0080013a        0x2 ./US-015/ultrasonic.o
 .bss.test      0x0080013c        0x2 ./main.o
 .bss.usRegInputBuf
                0x0080013e        0x8 ./main.o
 .bss.ucMBAddress
                0x00800146        0x1 ./mb.o
 .bss.pvMBFrameStartCur
                0x00800147        0x2 ./mb.o
 .bss.pvMBFrameStopCur
                0x00800149        0x2 ./mb.o
 .bss.peMBFrameSendCur
                0x0080014b        0x2 ./mb.o
 .bss.peMBFrameReceiveCur
                0x0080014d        0x2 ./mb.o
 .bss.pvMBFrameCloseCur
                0x0080014f        0x2 ./mb.o
 .bss.eMBCurrentMode
                0x00800151        0x1 ./mb.o
 .bss.ucRcvAddress.1863
                0x00800152        0x1 ./mb.o
 .bss.ucMBFrame.1862
                0x00800153        0x2 ./mb.o
 .bss.usLength.1865
                0x00800155        0x2 ./mb.o
 .bss.ucFunctionCode.1864
                0x00800157        0x1 ./mb.o
 .bss.eException.1866
                0x00800158        0x1 ./mb.o
 .bss.usMBSlaveIDLen
                0x00800159        0x2 ./mbfuncother.o
 .bss.ucMBSlaveID
                0x0080015b       0x20 ./mbfuncother.o
 .bss.usRcvBufferPos
                0x0080017b        0x2 ./mbrtu.o
 .bss.usSndBufferCount
                0x0080017d        0x2 ./mbrtu.o
 .bss.eRcvState
                0x0080017f        0x1 ./mbrtu.o
 .bss.eSndState
                0x00800180        0x1 ./mbrtu.o
 .bss.pucSndBufferCur
                0x00800181        0x2 ./mbrtu.o
 .bss.xEventInQueue
                0x00800183        0x1 ./portevent.o
 .bss.eQueuedEvent
                0x00800184        0x1 ./portevent.o
 .bss.usTimerOCRADelta
                0x00800185        0x2 ./porttimer.o
 *(COMMON)
 COMMON         0x00800187        0xa ./US-015/ultrasonic.o
                0x00800187                running
                0x00800188                up
                0x00800189                timerCounter
                0x0080018b                result
                0x0080018d                PulseWidth
 COMMON         0x00800191       0x11 ./main.o
                0x00800191                pressx1000
                0x00800193                press_bmp
                0x00800197                pressx1
                0x00800199                tx1
                0x0080019b                temp_bmp
                0x0080019f                Timer1
                0x008001a0                tx10
 COMMON         0x008001a2        0xa ./mb.o
                0x008001a2                pxMBFrameCBTransmitterEmpty
                0x008001a4                pxMBPortCBTimerExpired
                0x008001a6                pxMBFrameCBByteReceived
                0x008001a8                pxMBFrameCBTransmitFSMCur
                0x008001aa                pxMBFrameCBReceiveFSMCur
 COMMON         0x008001ac      0x100 ./mbrtu.o
                0x008001ac                ucRTUBuf
 COMMON         0x008002ac        0x1 ./porttimer.o
                0x008002ac                count
                0x008002ad                PROVIDE (__bss_end, .)
                0x00001246                __data_load_start = LOADADDR (.data)
                0x00001280                __data_load_end = (__data_load_start + SIZEOF (.data))

.noinit         0x008002ad        0x0
                0x008002ad                PROVIDE (__noinit_start, .)
 *(.noinit*)
                0x008002ad                PROVIDE (__noinit_end, .)
                0x008002ad                _end = .
                0x008002ad                PROVIDE (__heap_start, .)

.eeprom         0x00810000        0x0
 *(.eeprom*)
                0x00810000                __eeprom_end = .

.fuse
 *(.fuse)
 *(.lfuse)
 *(.hfuse)
 *(.efuse)

.lock
 *(.lock*)

.signature
 *(.signature*)

.user_signatures
 *(.user_signatures*)

.stab           0x00000000      0x750
 *(.stab)
 .stab          0x00000000      0x6cc c:/program files/eclipse/avr_toolchain/bin/../lib/gcc/avr/4.7.2/../../../../avr/lib/avr4/crtm88p.o
 .stab          0x000006cc       0x84 c:/program files/eclipse/avr_toolchain/bin/../lib/gcc/avr/4.7.2/../../../../avr/lib/avr4\libc.a(memcpy.o)
                                 0x90 (size before relaxing)

.stabstr        0x00000000      0x10b
 *(.stabstr)
 .stabstr       0x00000000      0x10b c:/program files/eclipse/avr_toolchain/bin/../lib/gcc/avr/4.7.2/../../../../avr/lib/avr4/crtm88p.o

.stab.excl
 *(.stab.excl)

.stab.exclstr
 *(.stab.exclstr)

.stab.index
 *(.stab.index)

.stab.indexstr
 *(.stab.indexstr)

.comment        0x00000000       0x2f
 *(.comment)
 .comment       0x00000000       0x2f ./US-015/ultrasonic.o
                                 0x30 (size before relaxing)
 .comment       0x00000000       0x30 ./main.o
 .comment       0x00000000       0x30 ./mb.o
 .comment       0x00000000       0x30 ./mbcrc.o
 .comment       0x00000000       0x30 ./mbfunccoils.o
 .comment       0x00000000       0x30 ./mbfuncdiag.o
 .comment       0x00000000       0x30 ./mbfuncdisc.o
 .comment       0x00000000       0x30 ./mbfuncholding.o
 .comment       0x00000000       0x30 ./mbfuncinput.o
 .comment       0x00000000       0x30 ./mbfuncother.o
 .comment       0x00000000       0x30 ./mbrtu.o
 .comment       0x00000000       0x30 ./mbutils.o
 .comment       0x00000000       0x30 ./portevent.o
 .comment       0x00000000       0x30 ./portserial.o
 .comment       0x00000000       0x30 ./porttimer.o

.debug
 *(.debug)

.line
 *(.line)

.debug_srcinfo
 *(.debug_srcinfo)

.debug_sfnames
 *(.debug_sfnames)

.debug_aranges
 *(.debug_aranges)

.debug_pubnames
 *(.debug_pubnames)

.debug_info
 *(.debug_info)
 *(.gnu.linkonce.wi.*)

.debug_abbrev
 *(.debug_abbrev)

.debug_line
 *(.debug_line)

.debug_frame
 *(.debug_frame)

.debug_str
 *(.debug_str)

.debug_loc
 *(.debug_loc)

.debug_macinfo
 *(.debug_macinfo)

.debug_pubtypes
 *(.debug_pubtypes)

.debug_ranges
 *(.debug_ranges)

.debug_macro
 *(.debug_macro)
OUTPUT(MB_DEMO.elf elf32-avr)
LOAD linker stubs
