Archive member included because of file (symbol)

c:/program files/eclipse/avr toolchain/bin/../lib/gcc/avr/4.7.2/avr4\libgcc.a(_udivmodsi4.o)
                              ./mbrtu.o (__udivmodsi4)
c:/program files/eclipse/avr toolchain/bin/../lib/gcc/avr/4.7.2/avr4\libgcc.a(_exit.o)
                              c:/program files/eclipse/avr toolchain/bin/../lib/gcc/avr/4.7.2/../../../../avr/lib/avr4/crtm88p.o (exit)
c:/program files/eclipse/avr toolchain/bin/../lib/gcc/avr/4.7.2/avr4\libgcc.a(_copy_data.o)
                              ./mb.o (__do_copy_data)
c:/program files/eclipse/avr toolchain/bin/../lib/gcc/avr/4.7.2/avr4\libgcc.a(_clear_bss.o)
                              ./main.o (__do_clear_bss)
c:/program files/eclipse/avr toolchain/bin/../lib/gcc/avr/4.7.2/avr4\libgcc.a(_umulhisi3.o)
                              ./porttimer.o (__umulhisi3)
c:/program files/eclipse/avr toolchain/bin/../lib/gcc/avr/4.7.2/../../../../avr/lib/avr4\libc.a(memcpy.o)
                              ./mbfuncother.o (memcpy)

Allocating common symbols
Common symbol       size              file

pxMBFrameCBTransmitterEmpty
                    0x2               ./mb.o
pxMBPortCBTimerExpired
                    0x2               ./mb.o
ucRTUBuf            0x100             ./mbrtu.o
pxMBFrameCBByteReceived
                    0x2               ./mb.o
pxMBFrameCBTransmitFSMCur
                    0x2               ./mb.o
count               0x1               ./porttimer.o
pxMBFrameCBReceiveFSMCur
                    0x2               ./mb.o
Timer1              0x1               ./main.o

Memory Configuration

Name             Origin             Length             Attributes
text             0x00000000         0x00002000         xr
data             0x00800060         0x0000ffa0         rw !x
eeprom           0x00810000         0x00010000         rw !x
fuse             0x00820000         0x00000400         rw !x
lock             0x00830000         0x00000400         rw !x
signature        0x00840000         0x00000400         rw !x
user_signatures  0x00850000         0x00000400         rw !x
*default*        0x00000000         0xffffffff

Linker script and memory map

Address of section .data set to 0x800100
LOAD c:/program files/eclipse/avr toolchain/bin/../lib/gcc/avr/4.7.2/../../../../avr/lib/avr4/crtm88p.o
LOAD ./main.o
LOAD ./mb.o
LOAD ./mbcrc.o
LOAD ./mbfunccoils.o
LOAD ./mbfuncdiag.o
LOAD ./mbfuncdisc.o
LOAD ./mbfuncholding.o
LOAD ./mbfuncinput.o
LOAD ./mbfuncother.o
LOAD ./mbrtu.o
LOAD ./mbutils.o
LOAD ./portevent.o
LOAD ./portserial.o
LOAD ./porttimer.o
LOAD c:/program files/eclipse/avr toolchain/bin/../lib/gcc/avr/4.7.2/avr4\libgcc.a
LOAD c:/program files/eclipse/avr toolchain/bin/../lib/gcc/avr/4.7.2/../../../../avr/lib/avr4\libc.a
LOAD c:/program files/eclipse/avr toolchain/bin/../lib/gcc/avr/4.7.2/avr4\libgcc.a

.hash
 *(.hash)

.dynsym
 *(.dynsym)

.dynstr
 *(.dynstr)

.gnu.version
 *(.gnu.version)

.gnu.version_d
 *(.gnu.version_d)

.gnu.version_r
 *(.gnu.version_r)

.rel.init
 *(.rel.init)

.rela.init
 *(.rela.init)

.rel.text
 *(.rel.text)
 *(.rel.text.*)
 *(.rel.gnu.linkonce.t*)

.rela.text
 *(.rela.text)
 *(.rela.text.*)
 *(.rela.gnu.linkonce.t*)

.rel.fini
 *(.rel.fini)

.rela.fini
 *(.rela.fini)

.rel.rodata
 *(.rel.rodata)
 *(.rel.rodata.*)
 *(.rel.gnu.linkonce.r*)

.rela.rodata
 *(.rela.rodata)
 *(.rela.rodata.*)
 *(.rela.gnu.linkonce.r*)

.rel.data
 *(.rel.data)
 *(.rel.data.*)
 *(.rel.gnu.linkonce.d*)

.rela.data
 *(.rela.data)
 *(.rela.data.*)
 *(.rela.gnu.linkonce.d*)

.rel.ctors
 *(.rel.ctors)

.rela.ctors
 *(.rela.ctors)

.rel.dtors
 *(.rel.dtors)

.rela.dtors
 *(.rela.dtors)

.rel.got
 *(.rel.got)

.rela.got
 *(.rela.got)

.rel.bss
 *(.rel.bss)

.rela.bss
 *(.rela.bss)

.rel.plt
 *(.rel.plt)

.rela.plt
 *(.rela.plt)

.text           0x00000000     0x11f4
 *(.vectors)
 .vectors       0x00000000       0x34 c:/program files/eclipse/avr toolchain/bin/../lib/gcc/avr/4.7.2/../../../../avr/lib/avr4/crtm88p.o
                0x00000000                __vector_default
                0x00000000                __vectors
 *(.vectors)
 *(.progmem.gcc*)
 *(.progmem*)
 .progmem.data.aucCRCHi
                0x00000034      0x100 ./mbcrc.o
 .progmem.data.aucCRCLo
                0x00000134      0x100 ./mbcrc.o
                0x00000234                . = ALIGN (0x2)
                0x00000234                __trampolines_start = .
 *(.trampolines)
 .trampolines   0x00000234        0x0 linker stubs
 *(.trampolines*)
                0x00000234                __trampolines_end = .
 *(.jumptables)
 *(.jumptables*)
 *(.lowtext)
 *(.lowtext*)
                0x00000234                __ctors_start = .
 *(.ctors)
                0x00000234                __ctors_end = .
                0x00000234                __dtors_start = .
 *(.dtors)
                0x00000234                __dtors_end = .
 SORT(*)(.ctors)
 SORT(*)(.dtors)
 *(.init0)
 .init0         0x00000234        0x0 c:/program files/eclipse/avr toolchain/bin/../lib/gcc/avr/4.7.2/../../../../avr/lib/avr4/crtm88p.o
                0x00000234                __init
 *(.init0)
 *(.init1)
 *(.init1)
 *(.init2)
 .init2         0x00000234        0xc c:/program files/eclipse/avr toolchain/bin/../lib/gcc/avr/4.7.2/../../../../avr/lib/avr4/crtm88p.o
 *(.init2)
 *(.init3)
 *(.init3)
 *(.init4)
 .init4         0x00000240       0x16 c:/program files/eclipse/avr toolchain/bin/../lib/gcc/avr/4.7.2/avr4\libgcc.a(_copy_data.o)
                0x00000240                __do_copy_data
 .init4         0x00000256       0x10 c:/program files/eclipse/avr toolchain/bin/../lib/gcc/avr/4.7.2/avr4\libgcc.a(_clear_bss.o)
                0x00000256                __do_clear_bss
 *(.init4)
 *(.init5)
 *(.init5)
 *(.init6)
 *(.init6)
 *(.init7)
 *(.init7)
 *(.init8)
 *(.init8)
 *(.init9)
 .init9         0x00000266        0x4 c:/program files/eclipse/avr toolchain/bin/../lib/gcc/avr/4.7.2/../../../../avr/lib/avr4/crtm88p.o
 *(.init9)
 *(.text)
 .text          0x0000026a        0x2 c:/program files/eclipse/avr toolchain/bin/../lib/gcc/avr/4.7.2/../../../../avr/lib/avr4/crtm88p.o
                0x0000026a                __vector_22
                0x0000026a                __vector_1
                0x0000026a                __vector_24
                0x0000026a                __vector_12
                0x0000026a                __bad_interrupt
                0x0000026a                __vector_6
                0x0000026a                __vector_3
                0x0000026a                __vector_23
                0x0000026a                __vector_25
                0x0000026a                __vector_11
                0x0000026a                __vector_13
                0x0000026a                __vector_17
                0x0000026a                __vector_7
                0x0000026a                __vector_5
                0x0000026a                __vector_4
                0x0000026a                __vector_9
                0x0000026a                __vector_2
                0x0000026a                __vector_21
                0x0000026a                __vector_15
                0x0000026a                __vector_8
                0x0000026a                __vector_10
                0x0000026a                __vector_16
 .text          0x0000026c        0x0 ./main.o
 .text          0x0000026c        0x0 ./mb.o
 .text          0x0000026c        0x0 ./mbcrc.o
 .text          0x0000026c        0x0 ./mbfunccoils.o
 .text          0x0000026c        0x0 ./mbfuncdiag.o
 .text          0x0000026c        0x0 ./mbfuncdisc.o
 .text          0x0000026c        0x0 ./mbfuncholding.o
 .text          0x0000026c        0x0 ./mbfuncinput.o
 .text          0x0000026c        0x0 ./mbfuncother.o
 .text          0x0000026c        0x0 ./mbrtu.o
 .text          0x0000026c        0x0 ./mbutils.o
 .text          0x0000026c        0x0 ./portevent.o
 .text          0x0000026c        0x0 ./portserial.o
 .text          0x0000026c        0x0 ./porttimer.o
 .text          0x0000026c        0x0 c:/program files/eclipse/avr toolchain/bin/../lib/gcc/avr/4.7.2/avr4\libgcc.a(_udivmodsi4.o)
 .text          0x0000026c        0x0 c:/program files/eclipse/avr toolchain/bin/../lib/gcc/avr/4.7.2/avr4\libgcc.a(_exit.o)
 .text          0x0000026c        0x0 c:/program files/eclipse/avr toolchain/bin/../lib/gcc/avr/4.7.2/avr4\libgcc.a(_copy_data.o)
 .text          0x0000026c        0x0 c:/program files/eclipse/avr toolchain/bin/../lib/gcc/avr/4.7.2/avr4\libgcc.a(_clear_bss.o)
 .text          0x0000026c        0x0 c:/program files/eclipse/avr toolchain/bin/../lib/gcc/avr/4.7.2/avr4\libgcc.a(_umulhisi3.o)
 .text          0x0000026c        0x0 c:/program files/eclipse/avr toolchain/bin/../lib/gcc/avr/4.7.2/../../../../avr/lib/avr4\libc.a(memcpy.o)
                0x0000026c                . = ALIGN (0x2)
 *(.text.*)
 .text.startup.main
                0x0000026c       0x5e ./main.o
                0x0000026c                main
 .text.eMBRegInputCB
                0x000002ca       0x56 ./main.o
                0x000002ca                eMBRegInputCB
 .text.eMBRegHoldingCB
                0x00000320       0xa2 ./main.o
                0x00000320                eMBRegHoldingCB
 .text.eMBRegCoilsCB
                0x000003c2        0x4 ./main.o
                0x000003c2                eMBRegCoilsCB
 .text.eMBRegDiscreteCB
                0x000003c6        0x4 ./main.o
                0x000003c6                eMBRegDiscreteCB
 .text.eMBInit  0x000003ca       0xae ./mb.o
                0x000003ca                eMBInit
 .text.eMBRegisterCB
                0x00000478       0x92 ./mb.o
                0x00000478                eMBRegisterCB
 .text.eMBClose
                0x0000050a       0x20 ./mb.o
                0x0000050a                eMBClose
 .text.eMBEnable
                0x0000052a       0x1e ./mb.o
                0x0000052a                eMBEnable
 .text.eMBDisable
                0x00000548       0x26 ./mb.o
                0x00000548                eMBDisable
 .text.eMBPoll  0x0000056e      0x112 ./mb.o
                0x0000056e                eMBPoll
 .text.usMBCRC16
                0x00000680       0x38 ./mbcrc.o
                0x00000680                usMBCRC16
 .text.eMBFuncReadCoils
                0x000006b8       0x98 ./mbfunccoils.o
                0x000006b8                eMBFuncReadCoils
 .text.eMBFuncWriteCoil
                0x00000750       0x66 ./mbfunccoils.o
                0x00000750                eMBFuncWriteCoil
 .text.eMBFuncWriteMultipleCoils
                0x000007b6       0x7a ./mbfunccoils.o
                0x000007b6                eMBFuncWriteMultipleCoils
 .text.eMBFuncReadDiscreteInputs
                0x00000830       0x96 ./mbfuncdisc.o
                0x00000830                eMBFuncReadDiscreteInputs
 .text.eMBFuncWriteHoldingRegister
                0x000008c6       0x32 ./mbfuncholding.o
                0x000008c6                eMBFuncWriteHoldingRegister
 .text.eMBFuncWriteMultipleHoldingRegister
                0x000008f8       0x62 ./mbfuncholding.o
                0x000008f8                eMBFuncWriteMultipleHoldingRegister
 .text.eMBFuncReadHoldingRegister
                0x0000095a       0x8a ./mbfuncholding.o
                0x0000095a                eMBFuncReadHoldingRegister
 .text.eMBFuncReadWriteMultipleHoldingRegister
                0x000009e4       0xf4 ./mbfuncholding.o
                0x000009e4                eMBFuncReadWriteMultipleHoldingRegister
 .text.eMBFuncReadInputRegister
                0x00000ad8       0x8c ./mbfuncinput.o
                0x00000ad8                eMBFuncReadInputRegister
 .text.eMBSetSlaveID
                0x00000b64       0x56 ./mbfuncother.o
                0x00000b64                eMBSetSlaveID
 .text.eMBFuncReportSlaveID
                0x00000bba       0x38 ./mbfuncother.o
                0x00000bba                eMBFuncReportSlaveID
 .text.eMBRTUInit
                0x00000bf2       0x68 ./mbrtu.o
                0x00000bf2                eMBRTUInit
 .text.eMBRTUStart
                0x00000c5a       0x12 ./mbrtu.o
                0x00000c5a                eMBRTUStart
 .text.eMBRTUStop
                0x00000c6c        0xe ./mbrtu.o
                0x00000c6c                eMBRTUStop
 .text.eMBRTUReceive
                0x00000c7a       0x68 ./mbrtu.o
                0x00000c7a                eMBRTUReceive
 .text.eMBRTUSend
                0x00000ce2       0x96 ./mbrtu.o
                0x00000ce2                eMBRTUSend
 .text.xMBRTUReceiveFSM
                0x00000d78       0x8c ./mbrtu.o
                0x00000d78                xMBRTUReceiveFSM
 .text.xMBRTUTransmitFSM
                0x00000e04       0x70 ./mbrtu.o
                0x00000e04                xMBRTUTransmitFSM
 .text.xMBRTUTimerT35Expired
                0x00000e74       0x38 ./mbrtu.o
                0x00000e74                xMBRTUTimerT35Expired
 .text.xMBUtilSetBits
                0x00000eac       0x66 ./mbutils.o
                0x00000eac                xMBUtilSetBits
 .text.xMBUtilGetBits
                0x00000f12       0x48 ./mbutils.o
                0x00000f12                xMBUtilGetBits
 .text.prveMBError2Exception
                0x00000f5a       0x14 ./mbutils.o
                0x00000f5a                prveMBError2Exception
 .text.xMBPortEventInit
                0x00000f6e        0x8 ./portevent.o
                0x00000f6e                xMBPortEventInit
 .text.xMBPortEventPost
                0x00000f76        0xe ./portevent.o
                0x00000f76                xMBPortEventPost
 .text.xMBPortEventGet
                0x00000f84       0x1c ./portevent.o
                0x00000f84                xMBPortEventGet
 .text.vMBPortSerialEnable
                0x00000fa0       0x3a ./portserial.o
                0x00000fa0                vMBPortSerialEnable
 .text.xMBPortSerialInit
                0x00000fda       0x36 ./portserial.o
                0x00000fda                xMBPortSerialInit
 .text.xMBPortSerialPutByte
                0x00001010        0x8 ./portserial.o
                0x00001010                xMBPortSerialPutByte
 .text.xMBPortSerialGetByte
                0x00001018        0xc ./portserial.o
                0x00001018                xMBPortSerialGetByte
 .text.__vector_19
                0x00001024       0x4e ./portserial.o
                0x00001024                __vector_19
 .text.__vector_18
                0x00001072       0x4e ./portserial.o
                0x00001072                __vector_18
 .text.__vector_20
                0x000010c0       0x16 ./portserial.o
                0x000010c0                __vector_20
 .text.vMBPortTimersEnable
                0x000010d6       0x26 ./porttimer.o
                0x000010d6                vMBPortTimersEnable
 .text.vMBPortTimersDisable
                0x000010fc       0x14 ./porttimer.o
                0x000010fc                vMBPortTimersDisable
 .text.xMBPortTimersInit
                0x00001110       0x24 ./porttimer.o
                0x00001110                xMBPortTimersInit
 .text.__vector_14
                0x00001134       0x4e ./porttimer.o
                0x00001134                __vector_14
 .text.libgcc.mul
                0x00001182        0x0 c:/program files/eclipse/avr toolchain/bin/../lib/gcc/avr/4.7.2/avr4\libgcc.a(_udivmodsi4.o)
 .text.libgcc.div
                0x00001182       0x44 c:/program files/eclipse/avr toolchain/bin/../lib/gcc/avr/4.7.2/avr4\libgcc.a(_udivmodsi4.o)
                0x00001182                __udivmodsi4
 .text.libgcc   0x000011c6        0x0 c:/program files/eclipse/avr toolchain/bin/../lib/gcc/avr/4.7.2/avr4\libgcc.a(_udivmodsi4.o)
 .text.libgcc.prologue
                0x000011c6        0x0 c:/program files/eclipse/avr toolchain/bin/../lib/gcc/avr/4.7.2/avr4\libgcc.a(_udivmodsi4.o)
 .text.libgcc.builtins
                0x000011c6        0x0 c:/program files/eclipse/avr toolchain/bin/../lib/gcc/avr/4.7.2/avr4\libgcc.a(_udivmodsi4.o)
 .text.libgcc.fmul
                0x000011c6        0x0 c:/program files/eclipse/avr toolchain/bin/../lib/gcc/avr/4.7.2/avr4\libgcc.a(_udivmodsi4.o)
 .text.libgcc.mul
                0x000011c6        0x0 c:/program files/eclipse/avr toolchain/bin/../lib/gcc/avr/4.7.2/avr4\libgcc.a(_exit.o)
 .text.libgcc.div
                0x000011c6        0x0 c:/program files/eclipse/avr toolchain/bin/../lib/gcc/avr/4.7.2/avr4\libgcc.a(_exit.o)
 .text.libgcc   0x000011c6        0x0 c:/program files/eclipse/avr toolchain/bin/../lib/gcc/avr/4.7.2/avr4\libgcc.a(_exit.o)
 .text.libgcc.prologue
                0x000011c6        0x0 c:/program files/eclipse/avr toolchain/bin/../lib/gcc/avr/4.7.2/avr4\libgcc.a(_exit.o)
 .text.libgcc.builtins
                0x000011c6        0x0 c:/program files/eclipse/avr toolchain/bin/../lib/gcc/avr/4.7.2/avr4\libgcc.a(_exit.o)
 .text.libgcc.fmul
                0x000011c6        0x0 c:/program files/eclipse/avr toolchain/bin/../lib/gcc/avr/4.7.2/avr4\libgcc.a(_exit.o)
 .text.libgcc.mul
                0x000011c6        0x0 c:/program files/eclipse/avr toolchain/bin/../lib/gcc/avr/4.7.2/avr4\libgcc.a(_copy_data.o)
 .text.libgcc.div
                0x000011c6        0x0 c:/program files/eclipse/avr toolchain/bin/../lib/gcc/avr/4.7.2/avr4\libgcc.a(_copy_data.o)
 .text.libgcc   0x000011c6        0x0 c:/program files/eclipse/avr toolchain/bin/../lib/gcc/avr/4.7.2/avr4\libgcc.a(_copy_data.o)
 .text.libgcc.prologue
                0x000011c6        0x0 c:/program files/eclipse/avr toolchain/bin/../lib/gcc/avr/4.7.2/avr4\libgcc.a(_copy_data.o)
 .text.libgcc.builtins
                0x000011c6        0x0 c:/program files/eclipse/avr toolchain/bin/../lib/gcc/avr/4.7.2/avr4\libgcc.a(_copy_data.o)
 .text.libgcc.fmul
                0x000011c6        0x0 c:/program files/eclipse/avr toolchain/bin/../lib/gcc/avr/4.7.2/avr4\libgcc.a(_copy_data.o)
 .text.libgcc.mul
                0x000011c6        0x0 c:/program files/eclipse/avr toolchain/bin/../lib/gcc/avr/4.7.2/avr4\libgcc.a(_clear_bss.o)
 .text.libgcc.div
                0x000011c6        0x0 c:/program files/eclipse/avr toolchain/bin/../lib/gcc/avr/4.7.2/avr4\libgcc.a(_clear_bss.o)
 .text.libgcc   0x000011c6        0x0 c:/program files/eclipse/avr toolchain/bin/../lib/gcc/avr/4.7.2/avr4\libgcc.a(_clear_bss.o)
 .text.libgcc.prologue
                0x000011c6        0x0 c:/program files/eclipse/avr toolchain/bin/../lib/gcc/avr/4.7.2/avr4\libgcc.a(_clear_bss.o)
 .text.libgcc.builtins
                0x000011c6        0x0 c:/program files/eclipse/avr toolchain/bin/../lib/gcc/avr/4.7.2/avr4\libgcc.a(_clear_bss.o)
 .text.libgcc.fmul
                0x000011c6        0x0 c:/program files/eclipse/avr toolchain/bin/../lib/gcc/avr/4.7.2/avr4\libgcc.a(_clear_bss.o)
 .text.libgcc.mul
                0x000011c6       0x18 c:/program files/eclipse/avr toolchain/bin/../lib/gcc/avr/4.7.2/avr4\libgcc.a(_umulhisi3.o)
                0x000011c6                __umulhisi3
 .text.libgcc.div
                0x000011de        0x0 c:/program files/eclipse/avr toolchain/bin/../lib/gcc/avr/4.7.2/avr4\libgcc.a(_umulhisi3.o)
 .text.libgcc   0x000011de        0x0 c:/program files/eclipse/avr toolchain/bin/../lib/gcc/avr/4.7.2/avr4\libgcc.a(_umulhisi3.o)
 .text.libgcc.prologue
                0x000011de        0x0 c:/program files/eclipse/avr toolchain/bin/../lib/gcc/avr/4.7.2/avr4\libgcc.a(_umulhisi3.o)
 .text.libgcc.builtins
                0x000011de        0x0 c:/program files/eclipse/avr toolchain/bin/../lib/gcc/avr/4.7.2/avr4\libgcc.a(_umulhisi3.o)
 .text.libgcc.fmul
                0x000011de        0x0 c:/program files/eclipse/avr toolchain/bin/../lib/gcc/avr/4.7.2/avr4\libgcc.a(_umulhisi3.o)
 .text.avr-libc
                0x000011de       0x12 c:/program files/eclipse/avr toolchain/bin/../lib/gcc/avr/4.7.2/../../../../avr/lib/avr4\libc.a(memcpy.o)
                0x000011de                memcpy
                0x000011f0                . = ALIGN (0x2)
 *(.fini9)
 .fini9         0x000011f0        0x0 c:/program files/eclipse/avr toolchain/bin/../lib/gcc/avr/4.7.2/avr4\libgcc.a(_exit.o)
                0x000011f0                _exit
                0x000011f0                exit
 *(.fini9)
 *(.fini8)
 *(.fini8)
 *(.fini7)
 *(.fini7)
 *(.fini6)
 *(.fini6)
 *(.fini5)
 *(.fini5)
 *(.fini4)
 *(.fini4)
 *(.fini3)
 *(.fini3)
 *(.fini2)
 *(.fini2)
 *(.fini1)
 *(.fini1)
 *(.fini0)
 .fini0         0x000011f0        0x4 c:/program files/eclipse/avr toolchain/bin/../lib/gcc/avr/4.7.2/avr4\libgcc.a(_exit.o)
 *(.fini0)
                0x000011f4                _etext = .

.data           0x00800100       0x3a load address 0x000011f4
                0x00800100                PROVIDE (__data_start, .)
 *(.data)
 .data          0x00800100        0x0 c:/program files/eclipse/avr toolchain/bin/../lib/gcc/avr/4.7.2/../../../../avr/lib/avr4/crtm88p.o
 .data          0x00800100        0x0 ./main.o
 .data          0x00800100        0x0 ./mb.o
 .data          0x00800100        0x0 ./mbcrc.o
 .data          0x00800100        0x0 ./mbfunccoils.o
 .data          0x00800100        0x0 ./mbfuncdiag.o
 .data          0x00800100        0x0 ./mbfuncdisc.o
 .data          0x00800100        0x0 ./mbfuncholding.o
 .data          0x00800100        0x0 ./mbfuncinput.o
 .data          0x00800100        0x0 ./mbfuncother.o
 .data          0x00800100        0x0 ./mbrtu.o
 .data          0x00800100        0x0 ./mbutils.o
 .data          0x00800100        0x0 ./portevent.o
 .data          0x00800100        0x0 ./portserial.o
 .data          0x00800100        0x0 ./porttimer.o
 .data          0x00800100        0x0 c:/program files/eclipse/avr toolchain/bin/../lib/gcc/avr/4.7.2/avr4\libgcc.a(_udivmodsi4.o)
 .data          0x00800100        0x0 c:/program files/eclipse/avr toolchain/bin/../lib/gcc/avr/4.7.2/avr4\libgcc.a(_exit.o)
 .data          0x00800100        0x0 c:/program files/eclipse/avr toolchain/bin/../lib/gcc/avr/4.7.2/avr4\libgcc.a(_copy_data.o)
 .data          0x00800100        0x0 c:/program files/eclipse/avr toolchain/bin/../lib/gcc/avr/4.7.2/avr4\libgcc.a(_clear_bss.o)
 .data          0x00800100        0x0 c:/program files/eclipse/avr toolchain/bin/../lib/gcc/avr/4.7.2/avr4\libgcc.a(_umulhisi3.o)
 .data          0x00800100        0x0 c:/program files/eclipse/avr toolchain/bin/../lib/gcc/avr/4.7.2/../../../../avr/lib/avr4\libc.a(memcpy.o)
 *(.data*)
 .data.eMBState
                0x00800100        0x1 ./mb.o
 .data.xFuncHandlers
                0x00800101       0x30 ./mb.o
 *(.rodata)
 *(.rodata*)
 .rodata.CSWTCH.6
                0x00800131        0x8 ./mbutils.o
 *(.gnu.linkonce.d*)
                0x0080013a                . = ALIGN (0x2)
 *fill*         0x00800139        0x1 
                0x0080013a                _edata = .
                0x0080013a                PROVIDE (__data_end, .)

.bss            0x0080013a      0x15d
                0x0080013a                PROVIDE (__bss_start, .)
 *(.bss)
 .bss           0x0080013a        0x0 c:/program files/eclipse/avr toolchain/bin/../lib/gcc/avr/4.7.2/../../../../avr/lib/avr4/crtm88p.o
 .bss           0x0080013a        0x0 ./main.o
 .bss           0x0080013a        0x0 ./mb.o
 .bss           0x0080013a        0x0 ./mbcrc.o
 .bss           0x0080013a        0x0 ./mbfunccoils.o
 .bss           0x0080013a        0x0 ./mbfuncdiag.o
 .bss           0x0080013a        0x0 ./mbfuncdisc.o
 .bss           0x0080013a        0x0 ./mbfuncholding.o
 .bss           0x0080013a        0x0 ./mbfuncinput.o
 .bss           0x0080013a        0x0 ./mbfuncother.o
 .bss           0x0080013a        0x0 ./mbrtu.o
 .bss           0x0080013a        0x0 ./mbutils.o
 .bss           0x0080013a        0x0 ./portevent.o
 .bss           0x0080013a        0x0 ./portserial.o
 .bss           0x0080013a        0x0 ./porttimer.o
 .bss           0x0080013a        0x0 c:/program files/eclipse/avr toolchain/bin/../lib/gcc/avr/4.7.2/avr4\libgcc.a(_udivmodsi4.o)
 .bss           0x0080013a        0x0 c:/program files/eclipse/avr toolchain/bin/../lib/gcc/avr/4.7.2/avr4\libgcc.a(_exit.o)
 .bss           0x0080013a        0x0 c:/program files/eclipse/avr toolchain/bin/../lib/gcc/avr/4.7.2/avr4\libgcc.a(_copy_data.o)
 .bss           0x0080013a        0x0 c:/program files/eclipse/avr toolchain/bin/../lib/gcc/avr/4.7.2/avr4\libgcc.a(_clear_bss.o)
 .bss           0x0080013a        0x0 c:/program files/eclipse/avr toolchain/bin/../lib/gcc/avr/4.7.2/avr4\libgcc.a(_umulhisi3.o)
 .bss           0x0080013a        0x0 c:/program files/eclipse/avr toolchain/bin/../lib/gcc/avr/4.7.2/../../../../avr/lib/avr4\libc.a(memcpy.o)
 *(.bss*)
 .bss.usRegInputBuf
                0x0080013a        0x8 ./main.o
 .bss.usRegHoldingBuf
                0x00800142        0x8 ./main.o
 .bss.ucMBAddress
                0x0080014a        0x1 ./mb.o
 .bss.pvMBFrameStartCur
                0x0080014b        0x2 ./mb.o
 .bss.pvMBFrameStopCur
                0x0080014d        0x2 ./mb.o
 .bss.peMBFrameSendCur
                0x0080014f        0x2 ./mb.o
 .bss.peMBFrameReceiveCur
                0x00800151        0x2 ./mb.o
 .bss.pvMBFrameCloseCur
                0x00800153        0x2 ./mb.o
 .bss.eMBCurrentMode
                0x00800155        0x1 ./mb.o
 .bss.ucRcvAddress.1863
                0x00800156        0x1 ./mb.o
 .bss.ucMBFrame.1862
                0x00800157        0x2 ./mb.o
 .bss.usLength.1865
                0x00800159        0x2 ./mb.o
 .bss.ucFunctionCode.1864
                0x0080015b        0x1 ./mb.o
 .bss.eException.1866
                0x0080015c        0x1 ./mb.o
 .bss.usMBSlaveIDLen
                0x0080015d        0x2 ./mbfuncother.o
 .bss.ucMBSlaveID
                0x0080015f       0x20 ./mbfuncother.o
 .bss.usRcvBufferPos
                0x0080017f        0x2 ./mbrtu.o
 .bss.usSndBufferCount
                0x00800181        0x2 ./mbrtu.o
 .bss.eRcvState
                0x00800183        0x1 ./mbrtu.o
 .bss.eSndState
                0x00800184        0x1 ./mbrtu.o
 .bss.pucSndBufferCur
                0x00800185        0x2 ./mbrtu.o
 .bss.xEventInQueue
                0x00800187        0x1 ./portevent.o
 .bss.eQueuedEvent
                0x00800188        0x1 ./portevent.o
 .bss.usTimerOCRADelta
                0x00800189        0x2 ./porttimer.o
 *(COMMON)
 COMMON         0x0080018b        0x1 ./main.o
                0x0080018b                Timer1
 COMMON         0x0080018c        0xa ./mb.o
                0x0080018c                pxMBFrameCBTransmitterEmpty
                0x0080018e                pxMBPortCBTimerExpired
                0x00800190                pxMBFrameCBByteReceived
                0x00800192                pxMBFrameCBTransmitFSMCur
                0x00800194                pxMBFrameCBReceiveFSMCur
 COMMON         0x00800196      0x100 ./mbrtu.o
                0x00800196                ucRTUBuf
 COMMON         0x00800296        0x1 ./porttimer.o
                0x00800296                count
                0x00800297                PROVIDE (__bss_end, .)
                0x000011f4                __data_load_start = LOADADDR (.data)
                0x0000122e                __data_load_end = (__data_load_start + SIZEOF (.data))

.noinit         0x00800297        0x0
                0x00800297                PROVIDE (__noinit_start, .)
 *(.noinit*)
                0x00800297                PROVIDE (__noinit_end, .)
                0x00800297                _end = .
                0x00800297                PROVIDE (__heap_start, .)

.eeprom         0x00810000        0x0
 *(.eeprom*)
                0x00810000                __eeprom_end = .

.fuse
 *(.fuse)
 *(.lfuse)
 *(.hfuse)
 *(.efuse)

.lock
 *(.lock*)

.signature
 *(.signature*)

.user_signatures
 *(.user_signatures*)

.stab           0x00000000      0x750
 *(.stab)
 .stab          0x00000000      0x6cc c:/program files/eclipse/avr toolchain/bin/../lib/gcc/avr/4.7.2/../../../../avr/lib/avr4/crtm88p.o
 .stab          0x000006cc       0x84 c:/program files/eclipse/avr toolchain/bin/../lib/gcc/avr/4.7.2/../../../../avr/lib/avr4\libc.a(memcpy.o)
                                 0x90 (size before relaxing)

.stabstr        0x00000000      0x10b
 *(.stabstr)
 .stabstr       0x00000000      0x10b c:/program files/eclipse/avr toolchain/bin/../lib/gcc/avr/4.7.2/../../../../avr/lib/avr4/crtm88p.o

.stab.excl
 *(.stab.excl)

.stab.exclstr
 *(.stab.exclstr)

.stab.index
 *(.stab.index)

.stab.indexstr
 *(.stab.indexstr)

.comment        0x00000000       0x2f
 *(.comment)
 .comment       0x00000000       0x2f ./main.o
                                 0x30 (size before relaxing)
 .comment       0x00000000       0x30 ./mb.o
 .comment       0x00000000       0x30 ./mbcrc.o
 .comment       0x00000000       0x30 ./mbfunccoils.o
 .comment       0x00000000       0x30 ./mbfuncdiag.o
 .comment       0x00000000       0x30 ./mbfuncdisc.o
 .comment       0x00000000       0x30 ./mbfuncholding.o
 .comment       0x00000000       0x30 ./mbfuncinput.o
 .comment       0x00000000       0x30 ./mbfuncother.o
 .comment       0x00000000       0x30 ./mbrtu.o
 .comment       0x00000000       0x30 ./mbutils.o
 .comment       0x00000000       0x30 ./portevent.o
 .comment       0x00000000       0x30 ./portserial.o
 .comment       0x00000000       0x30 ./porttimer.o

.debug
 *(.debug)

.line
 *(.line)

.debug_srcinfo
 *(.debug_srcinfo)

.debug_sfnames
 *(.debug_sfnames)

.debug_aranges
 *(.debug_aranges)

.debug_pubnames
 *(.debug_pubnames)

.debug_info
 *(.debug_info)
 *(.gnu.linkonce.wi.*)

.debug_abbrev
 *(.debug_abbrev)

.debug_line
 *(.debug_line)

.debug_frame
 *(.debug_frame)

.debug_str
 *(.debug_str)

.debug_loc
 *(.debug_loc)

.debug_macinfo
 *(.debug_macinfo)

.debug_pubtypes
 *(.debug_pubtypes)

.debug_ranges
 *(.debug_ranges)

.debug_macro
 *(.debug_macro)
OUTPUT(Modbus_AVR.elf elf32-avr)
LOAD linker stubs
