Archive member included because of file (symbol)

c:/program files/atmel/avr tools/avr toolchain/bin/../lib/gcc/avr/4.6.2/avr5\libgcc.a(_mulsi3.o)
                              ./porttimer.o (__mulsi3)
c:/program files/atmel/avr tools/avr toolchain/bin/../lib/gcc/avr/4.6.2/avr5\libgcc.a(_udivmodsi4.o)
                              ./mbrtu.o (__udivmodsi4)
c:/program files/atmel/avr tools/avr toolchain/bin/../lib/gcc/avr/4.6.2/avr5\libgcc.a(_exit.o)
                              c:/program files/atmel/avr tools/avr toolchain/bin/../lib/gcc/avr/4.6.2/../../../../avr/lib/avr5/crtm32.o (exit)
c:/program files/atmel/avr tools/avr toolchain/bin/../lib/gcc/avr/4.6.2/avr5\libgcc.a(_copy_data.o)
                              ./excoils.o (__do_copy_data)
c:/program files/atmel/avr tools/avr toolchain/bin/../lib/gcc/avr/4.6.2/avr5\libgcc.a(_clear_bss.o)
                              ./excoils.o (__do_clear_bss)
c:/program files/atmel/avr tools/avr toolchain/bin/../lib/gcc/avr/4.6.2/../../../../avr/lib/avr5\libc.a(memcpy.o)
                              ./mbfuncother.o (memcpy)

Allocating common symbols
Common symbol       size              file

pxMBFrameCBTransmitterEmpty
                    0x2               ./mb.o
pxMBPortCBTimerExpired
                    0x2               ./mb.o
ucRTUBuf            0x100             ./mbrtu.o
pxMBFrameCBByteReceived
                    0x2               ./mb.o
pxMBFrameCBTransmitFSMCur
                    0x2               ./mb.o
pxMBFrameCBReceiveFSMCur
                    0x2               ./mb.o

Memory Configuration

Name             Origin             Length             Attributes
text             0x00000000         0x00020000         xr
data             0x00800060         0x0000ffa0         rw !x
eeprom           0x00810000         0x00010000         rw !x
fuse             0x00820000         0x00000400         rw !x
lock             0x00830000         0x00000400         rw !x
signature        0x00840000         0x00000400         rw !x
*default*        0x00000000         0xffffffff

Linker script and memory map

LOAD c:/program files/atmel/avr tools/avr toolchain/bin/../lib/gcc/avr/4.6.2/../../../../avr/lib/avr5/crtm32.o
LOAD ./excoils.o
LOAD ./main.o
LOAD ./mb.o
LOAD ./mbcrc.o
LOAD ./mbfunccoils.o
LOAD ./mbfuncdiag.o
LOAD ./mbfuncdisc.o
LOAD ./mbfuncholding.o
LOAD ./mbfuncinput.o
LOAD ./mbfuncother.o
LOAD ./mbrtu.o
LOAD ./mbutils.o
LOAD ./portevent.o
LOAD ./portserial.o
LOAD ./porttimer.o
LOAD c:/program files/atmel/avr tools/avr toolchain/bin/../lib/gcc/avr/4.6.2/avr5\libgcc.a
LOAD c:/program files/atmel/avr tools/avr toolchain/bin/../lib/gcc/avr/4.6.2/../../../../avr/lib/avr5\libc.a
LOAD c:/program files/atmel/avr tools/avr toolchain/bin/../lib/gcc/avr/4.6.2/avr5\libgcc.a

.hash
 *(.hash)

.dynsym
 *(.dynsym)

.dynstr
 *(.dynstr)

.gnu.version
 *(.gnu.version)

.gnu.version_d
 *(.gnu.version_d)

.gnu.version_r
 *(.gnu.version_r)

.rel.init
 *(.rel.init)

.rela.init
 *(.rela.init)

.rel.text
 *(.rel.text)
 *(.rel.text.*)
 *(.rel.gnu.linkonce.t*)

.rela.text
 *(.rela.text)
 *(.rela.text.*)
 *(.rela.gnu.linkonce.t*)

.rel.fini
 *(.rel.fini)

.rela.fini
 *(.rela.fini)

.rel.rodata
 *(.rel.rodata)
 *(.rel.rodata.*)
 *(.rel.gnu.linkonce.r*)

.rela.rodata
 *(.rela.rodata)
 *(.rela.rodata.*)
 *(.rela.gnu.linkonce.r*)

.rel.data
 *(.rel.data)
 *(.rel.data.*)
 *(.rel.gnu.linkonce.d*)

.rela.data
 *(.rela.data)
 *(.rela.data.*)
 *(.rela.gnu.linkonce.d*)

.rel.ctors
 *(.rel.ctors)

.rela.ctors
 *(.rela.ctors)

.rel.dtors
 *(.rel.dtors)

.rela.dtors
 *(.rela.dtors)

.rel.got
 *(.rel.got)

.rela.got
 *(.rela.got)

.rel.bss
 *(.rel.bss)

.rela.bss
 *(.rela.bss)

.rel.plt
 *(.rel.plt)

.rela.plt
 *(.rela.plt)

.text           0x00000000     0x259c
 *(.vectors)
 .vectors       0x00000000       0x54 c:/program files/atmel/avr tools/avr toolchain/bin/../lib/gcc/avr/4.6.2/../../../../avr/lib/avr5/crtm32.o
                0x00000000                __vector_default
                0x00000000                __vectors
 *(.vectors)
 *(.progmem.gcc*)
 *(.progmem*)
 .progmem.data  0x00000054      0x200 ./mbcrc.o
                0x00000254                . = ALIGN (0x2)
                0x00000254                __trampolines_start = .
 *(.trampolines)
 .trampolines   0x00000254        0x0 linker stubs
 *(.trampolines*)
                0x00000254                __trampolines_end = .
 *(.jumptables)
 *(.jumptables*)
 *(.lowtext)
 *(.lowtext*)
                0x00000254                __ctors_start = .
 *(.ctors)
                0x00000254                __ctors_end = .
                0x00000254                __dtors_start = .
 *(.dtors)
                0x00000254                __dtors_end = .
 SORT(*)(.ctors)
 SORT(*)(.dtors)
 *(.init0)
 .init0         0x00000254        0x0 c:/program files/atmel/avr tools/avr toolchain/bin/../lib/gcc/avr/4.6.2/../../../../avr/lib/avr5/crtm32.o
                0x00000254                __init
 *(.init0)
 *(.init1)
 *(.init1)
 *(.init2)
 .init2         0x00000254        0xc c:/program files/atmel/avr tools/avr toolchain/bin/../lib/gcc/avr/4.6.2/../../../../avr/lib/avr5/crtm32.o
 *(.init2)
 *(.init3)
 *(.init3)
 *(.init4)
 .init4         0x00000260       0x16 c:/program files/atmel/avr tools/avr toolchain/bin/../lib/gcc/avr/4.6.2/avr5\libgcc.a(_copy_data.o)
                0x00000260                __do_copy_data
 .init4         0x00000276       0x10 c:/program files/atmel/avr tools/avr toolchain/bin/../lib/gcc/avr/4.6.2/avr5\libgcc.a(_clear_bss.o)
                0x00000276                __do_clear_bss
 *(.init4)
 *(.init5)
 *(.init5)
 *(.init6)
 *(.init6)
 *(.init7)
 *(.init7)
 *(.init8)
 *(.init8)
 *(.init9)
 .init9         0x00000286        0x8 c:/program files/atmel/avr tools/avr toolchain/bin/../lib/gcc/avr/4.6.2/../../../../avr/lib/avr5/crtm32.o
 *(.init9)
 *(.text)
 .text          0x0000028e        0x4 c:/program files/atmel/avr tools/avr toolchain/bin/../lib/gcc/avr/4.6.2/../../../../avr/lib/avr5/crtm32.o
                0x0000028e                __vector_1
                0x0000028e                __vector_12
                0x0000028e                __bad_interrupt
                0x0000028e                __vector_6
                0x0000028e                __vector_3
                0x0000028e                __vector_11
                0x0000028e                __vector_17
                0x0000028e                __vector_19
                0x0000028e                __vector_5
                0x0000028e                __vector_4
                0x0000028e                __vector_9
                0x0000028e                __vector_2
                0x0000028e                __vector_15
                0x0000028e                __vector_8
                0x0000028e                __vector_10
                0x0000028e                __vector_16
                0x0000028e                __vector_18
                0x0000028e                __vector_20
 .text          0x00000292      0x1e6 ./excoils.o
                0x00000292                main
                0x000002c2                eMBRegCoilsCB
                0x000003e6                eMBRegInputCB
                0x00000414                eMBRegHoldingCB
                0x0000044a                eMBRegDiscreteCB
 .text          0x00000478      0x200 ./main.o
 .text          0x00000678      0x4d6 ./mb.o
                0x00000678                eMBInit
                0x0000077e                eMBRegisterCB
                0x000008d6                eMBClose
                0x00000912                eMBEnable
                0x00000946                eMBDisable
                0x00000988                eMBPoll
 .text          0x00000b4e       0xc0 ./mbcrc.o
                0x00000b4e                usMBCRC16
 .text          0x00000c0e      0x3fc ./mbfunccoils.o
                0x00000c0e                eMBFuncReadCoils
                0x00000dca                eMBFuncWriteCoil
                0x00000ebc                eMBFuncWriteMultipleCoils
 .text          0x0000100a        0x0 ./mbfuncdiag.o
 .text          0x0000100a      0x1ba ./mbfuncdisc.o
                0x0000100a                eMBFuncReadDiscreteInputs
 .text          0x000011c4      0x594 ./mbfuncholding.o
                0x000011c4                eMBFuncWriteHoldingRegister
                0x0000126c                eMBFuncWriteMultipleHoldingRegister
                0x00001388                eMBFuncReadHoldingRegister
                0x0000150c                eMBFuncReadWriteMultipleHoldingRegister
 .text          0x00001758      0x18a ./mbfuncinput.o
                0x00001758                eMBFuncReadInputRegister
 .text          0x000018e2      0x12c ./mbfuncother.o
                0x000018e2                eMBSetSlaveID
                0x000019b8                eMBFuncReportSlaveID
 .text          0x00001a0e      0x432 ./mbrtu.o
                0x00001a0e                eMBRTUInit
                0x00001ad4                eMBRTUStart
                0x00001af6                eMBRTUStop
                0x00001b14                eMBRTUReceive
                0x00001bb0                eMBRTUSend
                0x00001ca4                xMBRTUReceiveFSM
                0x00001d66                xMBRTUTransmitFSM
                0x00001df2                xMBRTUTimerT35Expired
 .text          0x00001e40      0x280 ./mbutils.o
                0x00001e40                xMBUtilSetBits
                0x00001f98                xMBUtilGetBits
                0x0000207c                prveMBError2Exception
 .text          0x000020c0       0x72 ./portevent.o
                0x000020c0                xMBPortEventInit
                0x000020d4                xMBPortEventPost
                0x000020f6                xMBPortEventGet
 .text          0x00002132      0x268 ./portserial.o
                0x00002132                vMBPortSerialEnable
                0x000021b4                xMBPortSerialInit
                0x00002298                xMBPortSerialPutByte
                0x000022b8                xMBPortSerialGetByte
                0x000022e2                __vector_14
                0x0000233e                __vector_13
 .text          0x0000239a      0x16a ./porttimer.o
                0x0000239a                xMBPortTimersInit
                0x0000240a                vMBPortTimersEnable
                0x00002464                vMBPortTimersDisable
                0x000024a8                __vector_7
 .text          0x00002504        0x0 c:/program files/atmel/avr tools/avr toolchain/bin/../lib/gcc/avr/4.6.2/avr5\libgcc.a(_mulsi3.o)
 .text          0x00002504        0x0 c:/program files/atmel/avr tools/avr toolchain/bin/../lib/gcc/avr/4.6.2/avr5\libgcc.a(_udivmodsi4.o)
 .text          0x00002504        0x0 c:/program files/atmel/avr tools/avr toolchain/bin/../lib/gcc/avr/4.6.2/avr5\libgcc.a(_exit.o)
 .text          0x00002504        0x0 c:/program files/atmel/avr tools/avr toolchain/bin/../lib/gcc/avr/4.6.2/avr5\libgcc.a(_copy_data.o)
 .text          0x00002504        0x0 c:/program files/atmel/avr tools/avr toolchain/bin/../lib/gcc/avr/4.6.2/avr5\libgcc.a(_clear_bss.o)
 .text          0x00002504        0x0 c:/program files/atmel/avr tools/avr toolchain/bin/../lib/gcc/avr/4.6.2/../../../../avr/lib/avr5\libc.a(memcpy.o)
                0x00002504                . = ALIGN (0x2)
 *(.text.*)
 .text.libgcc   0x00002504       0x3e c:/program files/atmel/avr tools/avr toolchain/bin/../lib/gcc/avr/4.6.2/avr5\libgcc.a(_mulsi3.o)
                0x00002504                __mulsi3
 .text.libgcc   0x00002542       0x44 c:/program files/atmel/avr tools/avr toolchain/bin/../lib/gcc/avr/4.6.2/avr5\libgcc.a(_udivmodsi4.o)
                0x00002542                __udivmodsi4
 .text.libgcc   0x00002586        0x0 c:/program files/atmel/avr tools/avr toolchain/bin/../lib/gcc/avr/4.6.2/avr5\libgcc.a(_exit.o)
 .text.libgcc   0x00002586        0x0 c:/program files/atmel/avr tools/avr toolchain/bin/../lib/gcc/avr/4.6.2/avr5\libgcc.a(_copy_data.o)
 .text.libgcc   0x00002586        0x0 c:/program files/atmel/avr tools/avr toolchain/bin/../lib/gcc/avr/4.6.2/avr5\libgcc.a(_clear_bss.o)
 .text.avr-libc
                0x00002586       0x12 c:/program files/atmel/avr tools/avr toolchain/bin/../lib/gcc/avr/4.6.2/../../../../avr/lib/avr5\libc.a(memcpy.o)
                0x00002586                memcpy
                0x00002598                . = ALIGN (0x2)
 *(.fini9)
 .fini9         0x00002598        0x0 c:/program files/atmel/avr tools/avr toolchain/bin/../lib/gcc/avr/4.6.2/avr5\libgcc.a(_exit.o)
                0x00002598                _exit
                0x00002598                exit
 *(.fini9)
 *(.fini8)
 *(.fini8)
 *(.fini7)
 *(.fini7)
 *(.fini6)
 *(.fini6)
 *(.fini5)
 *(.fini5)
 *(.fini4)
 *(.fini4)
 *(.fini3)
 *(.fini3)
 *(.fini2)
 *(.fini2)
 *(.fini1)
 *(.fini1)
 *(.fini0)
 .fini0         0x00002598        0x4 c:/program files/atmel/avr tools/avr toolchain/bin/../lib/gcc/avr/4.6.2/avr5\libgcc.a(_exit.o)
 *(.fini0)
                0x0000259c                _etext = .

.data           0x00800060       0x36 load address 0x0000259c
                0x00800060                PROVIDE (__data_start, .)
 *(.data)
 .data          0x00800060        0x0 c:/program files/atmel/avr tools/avr toolchain/bin/../lib/gcc/avr/4.6.2/../../../../avr/lib/avr5/crtm32.o
 .data          0x00800060        0x0 ./excoils.o
 .data          0x00800060        0x5 ./main.o
 .data          0x00800065       0x31 ./mb.o
 .data          0x00800096        0x0 ./mbcrc.o
 .data          0x00800096        0x0 ./mbfunccoils.o
 .data          0x00800096        0x0 ./mbfuncdiag.o
 .data          0x00800096        0x0 ./mbfuncdisc.o
 .data          0x00800096        0x0 ./mbfuncholding.o
 .data          0x00800096        0x0 ./mbfuncinput.o
 .data          0x00800096        0x0 ./mbfuncother.o
 .data          0x00800096        0x0 ./mbrtu.o
 .data          0x00800096        0x0 ./mbutils.o
 .data          0x00800096        0x0 ./portevent.o
 .data          0x00800096        0x0 ./portserial.o
 .data          0x00800096        0x0 ./porttimer.o
 .data          0x00800096        0x0 c:/program files/atmel/avr tools/avr toolchain/bin/../lib/gcc/avr/4.6.2/avr5\libgcc.a(_mulsi3.o)
 .data          0x00800096        0x0 c:/program files/atmel/avr tools/avr toolchain/bin/../lib/gcc/avr/4.6.2/avr5\libgcc.a(_udivmodsi4.o)
 .data          0x00800096        0x0 c:/program files/atmel/avr tools/avr toolchain/bin/../lib/gcc/avr/4.6.2/avr5\libgcc.a(_exit.o)
 .data          0x00800096        0x0 c:/program files/atmel/avr tools/avr toolchain/bin/../lib/gcc/avr/4.6.2/avr5\libgcc.a(_copy_data.o)
 .data          0x00800096        0x0 c:/program files/atmel/avr tools/avr toolchain/bin/../lib/gcc/avr/4.6.2/avr5\libgcc.a(_clear_bss.o)
 .data          0x00800096        0x0 c:/program files/atmel/avr tools/avr toolchain/bin/../lib/gcc/avr/4.6.2/../../../../avr/lib/avr5\libc.a(memcpy.o)
 *(.data*)
 *(.rodata)
 *(.rodata*)
 *(.gnu.linkonce.d*)
                0x00800096                . = ALIGN (0x2)
                0x00800096                _edata = .
                0x00800096                PROVIDE (__data_end, .)

.bss            0x00800096      0x157
                0x00800096                PROVIDE (__bss_start, .)
 *(.bss)
 .bss           0x00800096        0x0 c:/program files/atmel/avr tools/avr toolchain/bin/../lib/gcc/avr/4.6.2/../../../../avr/lib/avr5/crtm32.o
 .bss           0x00800096        0x2 ./excoils.o
 .bss           0x00800098        0x8 ./main.o
 .bss           0x008000a0       0x13 ./mb.o
 .bss           0x008000b3        0x0 ./mbcrc.o
 .bss           0x008000b3        0x0 ./mbfunccoils.o
 .bss           0x008000b3        0x0 ./mbfuncdiag.o
 .bss           0x008000b3        0x0 ./mbfuncdisc.o
 .bss           0x008000b3        0x0 ./mbfuncholding.o
 .bss           0x008000b3        0x0 ./mbfuncinput.o
 .bss           0x008000b3       0x22 ./mbfuncother.o
 .bss           0x008000d5        0x8 ./mbrtu.o
 .bss           0x008000dd        0x0 ./mbutils.o
 .bss           0x008000dd        0x2 ./portevent.o
 .bss           0x008000df        0x0 ./portserial.o
 .bss           0x008000df        0x4 ./porttimer.o
 .bss           0x008000e3        0x0 c:/program files/atmel/avr tools/avr toolchain/bin/../lib/gcc/avr/4.6.2/avr5\libgcc.a(_mulsi3.o)
 .bss           0x008000e3        0x0 c:/program files/atmel/avr tools/avr toolchain/bin/../lib/gcc/avr/4.6.2/avr5\libgcc.a(_udivmodsi4.o)
 .bss           0x008000e3        0x0 c:/program files/atmel/avr tools/avr toolchain/bin/../lib/gcc/avr/4.6.2/avr5\libgcc.a(_exit.o)
 .bss           0x008000e3        0x0 c:/program files/atmel/avr tools/avr toolchain/bin/../lib/gcc/avr/4.6.2/avr5\libgcc.a(_copy_data.o)
 .bss           0x008000e3        0x0 c:/program files/atmel/avr tools/avr toolchain/bin/../lib/gcc/avr/4.6.2/avr5\libgcc.a(_clear_bss.o)
 .bss           0x008000e3        0x0 c:/program files/atmel/avr tools/avr toolchain/bin/../lib/gcc/avr/4.6.2/../../../../avr/lib/avr5\libc.a(memcpy.o)
 *(.bss*)
 *(COMMON)
 COMMON         0x008000e3        0xa ./mb.o
                0x008000e3                pxMBFrameCBTransmitterEmpty
                0x008000e5                pxMBPortCBTimerExpired
                0x008000e7                pxMBFrameCBByteReceived
                0x008000e9                pxMBFrameCBTransmitFSMCur
                0x008000eb                pxMBFrameCBReceiveFSMCur
 COMMON         0x008000ed      0x100 ./mbrtu.o
                0x008000ed                ucRTUBuf
                0x008001ed                PROVIDE (__bss_end, .)
                0x0000259c                __data_load_start = LOADADDR (.data)
                0x000025d2                __data_load_end = (__data_load_start + SIZEOF (.data))

.noinit         0x008001ed        0x0
                0x008001ed                PROVIDE (__noinit_start, .)
 *(.noinit*)
                0x008001ed                PROVIDE (__noinit_end, .)
                0x008001ed                _end = .
                0x008001ed                PROVIDE (__heap_start, .)

.eeprom         0x00810000        0x0
 *(.eeprom*)
                0x00810000                __eeprom_end = .

.fuse
 *(.fuse)
 *(.lfuse)
 *(.hfuse)
 *(.efuse)

.lock
 *(.lock*)

.signature
 *(.signature*)

.stab           0x00000000     0x65a0
 *(.stab)
 .stab          0x00000000      0x6cc c:/program files/atmel/avr tools/avr toolchain/bin/../lib/gcc/avr/4.6.2/../../../../avr/lib/avr5/crtm32.o
 .stab          0x000006cc      0x8f4 ./excoils.o
                                0x900 (size before relaxing)
 .stab          0x00000fc0      0x5d0 ./main.o
                                0x8c4 (size before relaxing)
 .stab          0x00001590      0xb94 ./mb.o
                                0xe88 (size before relaxing)
 .stab          0x00002124      0x42c ./mbcrc.o
                                0x648 (size before relaxing)
 .stab          0x00002550      0x81c ./mbfunccoils.o
                                0xbac (size before relaxing)
 .stab          0x00002d6c      0x258 ./mbfuncdiag.o
                                0x264 (size before relaxing)
 .stab          0x00002fc4      0x4d4 ./mbfuncdisc.o
                                0x864 (size before relaxing)
 .stab          0x00003498      0x978 ./mbfuncholding.o
                                0xd08 (size before relaxing)
 .stab          0x00003e10      0x4a4 ./mbfuncinput.o
                                0x834 (size before relaxing)
 .stab          0x000042b4      0x480 ./mbfuncother.o
                                0x810 (size before relaxing)
 .stab          0x00004734      0xa38 ./mbrtu.o
                                0xdc8 (size before relaxing)
 .stab          0x0000516c      0x5d0 ./mbutils.o
                                0x918 (size before relaxing)
 .stab          0x0000573c      0x414 ./portevent.o
                                0x708 (size before relaxing)
 .stab          0x00005b50      0x588 ./portserial.o
                                0x87c (size before relaxing)
 .stab          0x000060d8      0x444 ./porttimer.o
                                0x738 (size before relaxing)
 .stab          0x0000651c       0x84 c:/program files/atmel/avr tools/avr toolchain/bin/../lib/gcc/avr/4.6.2/../../../../avr/lib/avr5\libc.a(memcpy.o)
                                 0x90 (size before relaxing)

.stabstr        0x00000000     0x26a7
 *(.stabstr)
 .stabstr       0x00000000     0x26a7 c:/program files/atmel/avr tools/avr toolchain/bin/../lib/gcc/avr/4.6.2/../../../../avr/lib/avr5/crtm32.o

.stab.excl
 *(.stab.excl)

.stab.exclstr
 *(.stab.exclstr)

.stab.index
 *(.stab.index)

.stab.indexstr
 *(.stab.indexstr)

.comment
 *(.comment)

.debug
 *(.debug)

.line
 *(.line)

.debug_srcinfo
 *(.debug_srcinfo)

.debug_sfnames
 *(.debug_sfnames)

.debug_aranges  0x00000000       0xa0
 *(.debug_aranges)
 .debug_aranges
                0x00000000       0x20 c:/program files/atmel/avr tools/avr toolchain/bin/../lib/gcc/avr/4.6.2/avr5\libgcc.a(_mulsi3.o)
 .debug_aranges
                0x00000020       0x20 c:/program files/atmel/avr tools/avr toolchain/bin/../lib/gcc/avr/4.6.2/avr5\libgcc.a(_udivmodsi4.o)
 .debug_aranges
                0x00000040       0x20 c:/program files/atmel/avr tools/avr toolchain/bin/../lib/gcc/avr/4.6.2/avr5\libgcc.a(_exit.o)
 .debug_aranges
                0x00000060       0x20 c:/program files/atmel/avr tools/avr toolchain/bin/../lib/gcc/avr/4.6.2/avr5\libgcc.a(_copy_data.o)
 .debug_aranges
                0x00000080       0x20 c:/program files/atmel/avr tools/avr toolchain/bin/../lib/gcc/avr/4.6.2/avr5\libgcc.a(_clear_bss.o)

.debug_pubnames
 *(.debug_pubnames)

.debug_info     0x00000000      0x451
 *(.debug_info)
 .debug_info    0x00000000       0xdd c:/program files/atmel/avr tools/avr toolchain/bin/../lib/gcc/avr/4.6.2/avr5\libgcc.a(_mulsi3.o)
 .debug_info    0x000000dd       0xdd c:/program files/atmel/avr tools/avr toolchain/bin/../lib/gcc/avr/4.6.2/avr5\libgcc.a(_udivmodsi4.o)
 .debug_info    0x000001ba       0xdd c:/program files/atmel/avr tools/avr toolchain/bin/../lib/gcc/avr/4.6.2/avr5\libgcc.a(_exit.o)
 .debug_info    0x00000297       0xdd c:/program files/atmel/avr tools/avr toolchain/bin/../lib/gcc/avr/4.6.2/avr5\libgcc.a(_copy_data.o)
 .debug_info    0x00000374       0xdd c:/program files/atmel/avr tools/avr toolchain/bin/../lib/gcc/avr/4.6.2/avr5\libgcc.a(_clear_bss.o)
 *(.gnu.linkonce.wi.*)

.debug_abbrev   0x00000000       0x64
 *(.debug_abbrev)
 .debug_abbrev  0x00000000       0x14 c:/program files/atmel/avr tools/avr toolchain/bin/../lib/gcc/avr/4.6.2/avr5\libgcc.a(_mulsi3.o)
 .debug_abbrev  0x00000014       0x14 c:/program files/atmel/avr tools/avr toolchain/bin/../lib/gcc/avr/4.6.2/avr5\libgcc.a(_udivmodsi4.o)
 .debug_abbrev  0x00000028       0x14 c:/program files/atmel/avr tools/avr toolchain/bin/../lib/gcc/avr/4.6.2/avr5\libgcc.a(_exit.o)
 .debug_abbrev  0x0000003c       0x14 c:/program files/atmel/avr tools/avr toolchain/bin/../lib/gcc/avr/4.6.2/avr5\libgcc.a(_copy_data.o)
 .debug_abbrev  0x00000050       0x14 c:/program files/atmel/avr tools/avr toolchain/bin/../lib/gcc/avr/4.6.2/avr5\libgcc.a(_clear_bss.o)

.debug_line     0x00000000      0x2f4
 *(.debug_line)
 .debug_line    0x00000000       0xa5 c:/program files/atmel/avr tools/avr toolchain/bin/../lib/gcc/avr/4.6.2/avr5\libgcc.a(_mulsi3.o)
 .debug_line    0x000000a5       0xa8 c:/program files/atmel/avr tools/avr toolchain/bin/../lib/gcc/avr/4.6.2/avr5\libgcc.a(_udivmodsi4.o)
 .debug_line    0x0000014d       0x88 c:/program files/atmel/avr tools/avr toolchain/bin/../lib/gcc/avr/4.6.2/avr5\libgcc.a(_exit.o)
 .debug_line    0x000001d5       0x91 c:/program files/atmel/avr tools/avr toolchain/bin/../lib/gcc/avr/4.6.2/avr5\libgcc.a(_copy_data.o)
 .debug_line    0x00000266       0x8e c:/program files/atmel/avr tools/avr toolchain/bin/../lib/gcc/avr/4.6.2/avr5\libgcc.a(_clear_bss.o)

.debug_frame
 *(.debug_frame)

.debug_str
 *(.debug_str)

.debug_loc
 *(.debug_loc)

.debug_macinfo
 *(.debug_macinfo)
OUTPUT(MB_DEMO.elf elf32-avr)
LOAD linker stubs
